Archive member included to satisfy reference by file (symbol)

/opt/st/stm32cubeclt_1.17.0/GNU-tools-for-STM32/bin/../lib/gcc/arm-none-eabi/12.3.1/../../../../arm-none-eabi/lib/thumb/v7e-m+fp/hard/libc_nano.a(libc_a-exit.o)
                              /opt/st/stm32cubeclt_1.17.0/GNU-tools-for-STM32/bin/../lib/gcc/arm-none-eabi/12.3.1/../../../../arm-none-eabi/lib/thumb/v7e-m+fp/hard/crt0.o (exit)
/opt/st/stm32cubeclt_1.17.0/GNU-tools-for-STM32/bin/../lib/gcc/arm-none-eabi/12.3.1/../../../../arm-none-eabi/lib/thumb/v7e-m+fp/hard/libc_nano.a(libc_a-findfp.o)
                              /opt/st/stm32cubeclt_1.17.0/GNU-tools-for-STM32/bin/../lib/gcc/arm-none-eabi/12.3.1/../../../../arm-none-eabi/lib/thumb/v7e-m+fp/hard/libc_nano.a(libc_a-exit.o) (__stdio_exit_handler)
/opt/st/stm32cubeclt_1.17.0/GNU-tools-for-STM32/bin/../lib/gcc/arm-none-eabi/12.3.1/../../../../arm-none-eabi/lib/thumb/v7e-m+fp/hard/libc_nano.a(libc_a-fwalk.o)
                              /opt/st/stm32cubeclt_1.17.0/GNU-tools-for-STM32/bin/../lib/gcc/arm-none-eabi/12.3.1/../../../../arm-none-eabi/lib/thumb/v7e-m+fp/hard/libc_nano.a(libc_a-findfp.o) (_fwalk_sglue)
/opt/st/stm32cubeclt_1.17.0/GNU-tools-for-STM32/bin/../lib/gcc/arm-none-eabi/12.3.1/../../../../arm-none-eabi/lib/thumb/v7e-m+fp/hard/libc_nano.a(libc_a-stdio.o)
                              /opt/st/stm32cubeclt_1.17.0/GNU-tools-for-STM32/bin/../lib/gcc/arm-none-eabi/12.3.1/../../../../arm-none-eabi/lib/thumb/v7e-m+fp/hard/libc_nano.a(libc_a-findfp.o) (__sread)
/opt/st/stm32cubeclt_1.17.0/GNU-tools-for-STM32/bin/../lib/gcc/arm-none-eabi/12.3.1/../../../../arm-none-eabi/lib/thumb/v7e-m+fp/hard/libc_nano.a(libc_a-memset.o)
                              /opt/st/stm32cubeclt_1.17.0/GNU-tools-for-STM32/bin/../lib/gcc/arm-none-eabi/12.3.1/../../../../arm-none-eabi/lib/thumb/v7e-m+fp/hard/crt0.o (memset)
/opt/st/stm32cubeclt_1.17.0/GNU-tools-for-STM32/bin/../lib/gcc/arm-none-eabi/12.3.1/../../../../arm-none-eabi/lib/thumb/v7e-m+fp/hard/libc_nano.a(libc_a-closer.o)
                              /opt/st/stm32cubeclt_1.17.0/GNU-tools-for-STM32/bin/../lib/gcc/arm-none-eabi/12.3.1/../../../../arm-none-eabi/lib/thumb/v7e-m+fp/hard/libc_nano.a(libc_a-stdio.o) (_close_r)
/opt/st/stm32cubeclt_1.17.0/GNU-tools-for-STM32/bin/../lib/gcc/arm-none-eabi/12.3.1/../../../../arm-none-eabi/lib/thumb/v7e-m+fp/hard/libc_nano.a(libc_a-reent.o)
                              /opt/st/stm32cubeclt_1.17.0/GNU-tools-for-STM32/bin/../lib/gcc/arm-none-eabi/12.3.1/../../../../arm-none-eabi/lib/thumb/v7e-m+fp/hard/libc_nano.a(libc_a-closer.o) (errno)
/opt/st/stm32cubeclt_1.17.0/GNU-tools-for-STM32/bin/../lib/gcc/arm-none-eabi/12.3.1/../../../../arm-none-eabi/lib/thumb/v7e-m+fp/hard/libc_nano.a(libc_a-impure.o)
                              /opt/st/stm32cubeclt_1.17.0/GNU-tools-for-STM32/bin/../lib/gcc/arm-none-eabi/12.3.1/../../../../arm-none-eabi/lib/thumb/v7e-m+fp/hard/libc_nano.a(libc_a-reent.o) (_impure_ptr)
/opt/st/stm32cubeclt_1.17.0/GNU-tools-for-STM32/bin/../lib/gcc/arm-none-eabi/12.3.1/../../../../arm-none-eabi/lib/thumb/v7e-m+fp/hard/libc_nano.a(libc_a-lseekr.o)
                              /opt/st/stm32cubeclt_1.17.0/GNU-tools-for-STM32/bin/../lib/gcc/arm-none-eabi/12.3.1/../../../../arm-none-eabi/lib/thumb/v7e-m+fp/hard/libc_nano.a(libc_a-stdio.o) (_lseek_r)
/opt/st/stm32cubeclt_1.17.0/GNU-tools-for-STM32/bin/../lib/gcc/arm-none-eabi/12.3.1/../../../../arm-none-eabi/lib/thumb/v7e-m+fp/hard/libc_nano.a(libc_a-readr.o)
                              /opt/st/stm32cubeclt_1.17.0/GNU-tools-for-STM32/bin/../lib/gcc/arm-none-eabi/12.3.1/../../../../arm-none-eabi/lib/thumb/v7e-m+fp/hard/libc_nano.a(libc_a-stdio.o) (_read_r)
/opt/st/stm32cubeclt_1.17.0/GNU-tools-for-STM32/bin/../lib/gcc/arm-none-eabi/12.3.1/../../../../arm-none-eabi/lib/thumb/v7e-m+fp/hard/libc_nano.a(libc_a-writer.o)
                              /opt/st/stm32cubeclt_1.17.0/GNU-tools-for-STM32/bin/../lib/gcc/arm-none-eabi/12.3.1/../../../../arm-none-eabi/lib/thumb/v7e-m+fp/hard/libc_nano.a(libc_a-stdio.o) (_write_r)
/opt/st/stm32cubeclt_1.17.0/GNU-tools-for-STM32/bin/../lib/gcc/arm-none-eabi/12.3.1/../../../../arm-none-eabi/lib/thumb/v7e-m+fp/hard/libc_nano.a(libc_a-init.o)
                              /opt/st/stm32cubeclt_1.17.0/GNU-tools-for-STM32/bin/../lib/gcc/arm-none-eabi/12.3.1/../../../../arm-none-eabi/lib/thumb/v7e-m+fp/hard/crt0.o (__libc_init_array)
/opt/st/stm32cubeclt_1.17.0/GNU-tools-for-STM32/bin/../lib/gcc/arm-none-eabi/12.3.1/../../../../arm-none-eabi/lib/thumb/v7e-m+fp/hard/libc_nano.a(libc_a-lock.o)
                              /opt/st/stm32cubeclt_1.17.0/GNU-tools-for-STM32/bin/../lib/gcc/arm-none-eabi/12.3.1/../../../../arm-none-eabi/lib/thumb/v7e-m+fp/hard/libc_nano.a(libc_a-findfp.o) (__retarget_lock_init_recursive)
/opt/st/stm32cubeclt_1.17.0/GNU-tools-for-STM32/bin/../lib/gcc/arm-none-eabi/12.3.1/../../../../arm-none-eabi/lib/thumb/v7e-m+fp/hard/libc_nano.a(libc_a-freer.o)
[...]
Memory Configuration

Name             Origin             Length             Attributes
RAM              0x20000000         0x00003000         xrw
CCMRAM           0x10000000         0x00001000         xrw
FLASH            0x08000000         0x00010000         xr
*default*        0x00000000         0xffffffff

Linker script and memory map

LOAD /opt/st/stm32cubeclt_1.17.0/GNU-tools-for-STM32/bin/../lib/gcc/arm-none-eabi/12.3.1/thumb/v7e-m+fp/hard/crti.o
LOAD /opt/st/stm32cubeclt_1.17.0/GNU-tools-for-STM32/bin/../lib/gcc/arm-none-eabi/12.3.1/thumb/v7e-m+fp/hard/crtbegin.o
LOAD /opt/st/stm32cubeclt_1.17.0/GNU-tools-for-STM32/bin/../lib/gcc/arm-none-eabi/12.3.1/../../../../arm-none-eabi/lib/thumb/v7e-m+fp/hard/crt0.o
START GROUP
LOAD /opt/st/stm32cubeclt_1.17.0/GNU-tools-for-STM32/bin/../lib/gcc/arm-none-eabi/12.3.1/../../../../arm-none-eabi/lib/thumb/v7e-m+fp/hard/libc_nano.a
LOAD /opt/st/stm32cubeclt_1.17.0/GNU-tools-for-STM32/bin/../lib/gcc/arm-none-eabi/12.3.1/../../../../arm-none-eabi/lib/thumb/v7e-m+fp/hard/libm.a
END GROUP
LOAD CMakeFiles/binary-KWS.dir/Core/Src/main.c.obj
LOAD CMakeFiles/binary-KWS.dir/Core/Src/stm32f3xx_it.c.obj
LOAD CMakeFiles/binary-KWS.dir/Core/Src/stm32f3xx_hal_msp.c.obj
LOAD CMakeFiles/binary-KWS.dir/Drivers/STM32F3xx_HAL_Driver/Src/stm32f3xx_hal_uart.c.obj
LOAD CMakeFiles/binary-KWS.dir/Drivers/STM32F3xx_HAL_Driver/Src/stm32f3xx_hal_uart_ex.c.obj
LOAD CMakeFiles/binary-KWS.dir/Drivers/STM32F3xx_HAL_Driver/Src/stm32f3xx_hal.c.obj
LOAD CMakeFiles/binary-KWS.dir/Drivers/STM32F3xx_HAL_Driver/Src/stm32f3xx_hal_rcc.c.obj
LOAD CMakeFiles/binary-KWS.dir/Drivers/STM32F3xx_HAL_Driver/Src/stm32f3xx_hal_rcc_ex.c.obj
LOAD CMakeFiles/binary-KWS.dir/Drivers/STM32F3xx_HAL_Driver/Src/stm32f3xx_hal_gpio.c.obj
LOAD CMakeFiles/binary-KWS.dir/Drivers/STM32F3xx_HAL_Driver/Src/stm32f3xx_hal_dma.c.obj
LOAD CMakeFiles/binary-KWS.dir/Drivers/STM32F3xx_HAL_Driver/Src/stm32f3xx_hal_cortex.c.obj
LOAD CMakeFiles/binary-KWS.dir/Drivers/STM32F3xx_HAL_Driver/Src/stm32f3xx_hal_pwr.c.obj
LOAD CMakeFiles/binary-KWS.dir/Drivers/STM32F3xx_HAL_Driver/Src/stm32f3xx_hal_pwr_ex.c.obj
LOAD CMakeFiles/binary-KWS.dir/Drivers/STM32F3xx_HAL_Driver/Src/stm32f3xx_hal_flash.c.obj
LOAD CMakeFiles/binary-KWS.dir/Drivers/STM32F3xx_HAL_Driver/Src/stm32f3xx_hal_flash_ex.c.obj
LOAD CMakeFiles/binary-KWS.dir/Drivers/STM32F3xx_HAL_Driver/Src/stm32f3xx_hal_i2c.c.obj
LOAD CMakeFiles/binary-KWS.dir/Drivers/STM32F3xx_HAL_Driver/Src/stm32f3xx_hal_i2c_ex.c.obj
LOAD CMakeFiles/binary-KWS.dir/Drivers/STM32F3xx_HAL_Driver/Src/stm32f3xx_hal_exti.c.obj
LOAD CMakeFiles/binary-KWS.dir/Core/Src/system_stm32f3xx.c.obj
LOAD CMakeFiles/binary-KWS.dir/Core/Src/sysmem.c.obj
LOAD CMakeFiles/binary-KWS.dir/Core/Src/syscalls.c.obj
LOAD CMakeFiles/binary-KWS.dir/startup_stm32f334x8.s.obj
START GROUP
LOAD /opt/st/stm32cubeclt_1.17.0/GNU-tools-for-STM32/bin/../lib/gcc/arm-none-eabi/12.3.1/thumb/v7e-m+fp/hard/libgcc.a
LOAD /opt/st/stm32cubeclt_1.17.0/GNU-tools-for-STM32/bin/../lib/gcc/arm-none-eabi/12.3.1/../../../../arm-none-eabi/lib/thumb/v7e-m+fp/hard/libg_nano.a
LOAD /opt/st/stm32cubeclt_1.17.0/GNU-tools-for-STM32/bin/../lib/gcc/arm-none-eabi/12.3.1/../../../../arm-none-eabi/lib/thumb/v7e-m+fp/hard/libc_nano.a
END GROUP
START GROUP
LOAD /opt/st/stm32cubeclt_1.17.0/GNU-tools-for-STM32/bin/../lib/gcc/arm-none-eabi/12.3.1/thumb/v7e-m+fp/hard/libgcc.a
LOAD /opt/st/stm32cubeclt_1.17.0/GNU-tools-for-STM32/bin/../lib/gcc/arm-none-eabi/12.3.1/../../../../arm-none-eabi/lib/thumb/v7e-m+fp/hard/libc_nano.a
END GROUP
LOAD /opt/st/stm32cubeclt_1.17.0/GNU-tools-for-STM32/bin/../lib/gcc/arm-none-eabi/12.3.1/thumb/v7e-m+fp/hard/crtend.o
LOAD /opt/st/stm32cubeclt_1.17.0/GNU-tools-for-STM32/bin/../lib/gcc/arm-none-eabi/12.3.1/thumb/v7e-m+fp/hard/crtn.o
                0x20003000                        _estack = (ORIGIN (RAM) + LENGTH (RAM))
                0x00000200                        _Min_Heap_Size = 0x200
                0x00000400                        _Min_Stack_Size = 0x400

.isr_vector     0x08000000      0x188
                0x08000000                        . = ALIGN (0x4)
 *(.isr_vector)
 .isr_vector    0x08000000      0x188 CMakeFiles/binary-KWS.dir/startup_stm32f334x8.s.obj
                0x08000000                g_pfnVectors
                0x08000188                        . = ALIGN (0x4)

.text           0x08000188     0x28b8
                0x08000188                        . = ALIGN (0x4)
 *(.text)
 .text          0x08000188       0x40 /opt/st/stm32cubeclt_1.17.0/GNU-tools-for-STM32/bin/../lib/gcc/arm-none-eabi/12.3.1/thumb/v7e-m+fp/hard/crtbegin.o
 *(.text*)
 .text.memset   0x080001c8       0x10 /opt/st/stm32cubeclt_1.17.0/GNU-tools-for-STM32/bin/../lib/gcc/arm-none-eabi/12.3.1/../../../../arm-none-eabi/lib/thumb/v7e-m+fp/hard/libc_nano.a(libc_a-memset.o)
                0x080001c8                memset
 .text.__libc_init_array
                0x080001d8       0x48 /opt/st/stm32cubeclt_1.17.0/GNU-tools-for-STM32/bin/../lib/gcc/arm-none-eabi/12.3.1/../../../../arm-none-eabi/lib/thumb/v7e-m+fp/hard/libc_nano.a(libc_a-init.o)
                0x080001d8                __libc_init_array
 .text.toggle_led
                0x08000220       0x1a CMakeFiles/binary-KWS.dir/Core/Src/main.c.obj
                0x08000220                toggle_led
 *fill*         0x0800023a        0x2 
 .text.weights_size_test
                0x0800023c      0x250 CMakeFiles/binary-KWS.dir/Core/Src/main.c.obj
                0x0800023c                weights_size_test
 .text.main     0x0800048c       0x1a CMakeFiles/binary-KWS.dir/Core/Src/main.c.obj
                0x0800048c                main
 .text.SystemClock_Config
                0x080004a6       0x82 CMakeFiles/binary-KWS.dir/Core/Src/main.c.obj
                0x080004a6                SystemClock_Config
 .text.MX_USART2_UART_Init
                0x08000528       0x60 CMakeFiles/binary-KWS.dir/Core/Src/main.c.obj
 .text.MX_GPIO_Init
                0x08000588       0xcc CMakeFiles/binary-KWS.dir/Core/Src/main.c.obj
 .text.Error_Handler
                0x08000654        0xc CMakeFiles/binary-KWS.dir/Core/Src/main.c.obj
                0x08000654                Error_Handler
 .text.NMI_Handler
                0x08000660        0x8 CMakeFiles/binary-KWS.dir/Core/Src/stm32f3xx_it.c.obj
                0x08000660                NMI_Handler
 .text.HardFault_Handler
                0x08000668        0x8 CMakeFiles/binary-KWS.dir/Core/Src/stm32f3xx_it.c.obj
                0x08000668                HardFault_Handler
 .text.MemManage_Handler
                0x08000670        0x8 CMakeFiles/binary-KWS.dir/Core/Src/stm32f3xx_it.c.obj
                0x08000670                MemManage_Handler
 .text.BusFault_Handler
                0x08000678        0x8 CMakeFiles/binary-KWS.dir/Core/Src/stm32f3xx_it.c.obj
                0x08000678                BusFault_Handler
 .text.UsageFault_Handler
                0x08000680        0x8 CMakeFiles/binary-KWS.dir/Core/Src/stm32f3xx_it.c.obj
                0x08000680                UsageFault_Handler
 .text.SVC_Handler
                0x08000688        0xe CMakeFiles/binary-KWS.dir/Core/Src/stm32f3xx_it.c.obj
                0x08000688                SVC_Handler
 .text.DebugMon_Handler
                0x08000696        0xe CMakeFiles/binary-KWS.dir/Core/Src/stm32f3xx_it.c.obj
                0x08000696                DebugMon_Handler
 .text.PendSV_Handler
                0x080006a4        0xe CMakeFiles/binary-KWS.dir/Core/Src/stm32f3xx_it.c.obj
                0x080006a4                PendSV_Handler
 .text.SysTick_Handler
                0x080006b2        0xc CMakeFiles/binary-KWS.dir/Core/Src/stm32f3xx_it.c.obj
                0x080006b2                SysTick_Handler
 *fill*         0x080006be        0x2 
 .text.HAL_MspInit
                0x080006c0       0x48 CMakeFiles/binary-KWS.dir/Core/Src/stm32f3xx_hal_msp.c.obj
                0x080006c0                HAL_MspInit
 .text.HAL_UART_MspInit
                0x08000708       0x84 CMakeFiles/binary-KWS.dir/Core/Src/stm32f3xx_hal_msp.c.obj
                0x08000708                HAL_UART_MspInit
 .text.HAL_UART_Init
                0x0800078c       0x9c CMakeFiles/binary-KWS.dir/Drivers/STM32F3xx_HAL_Driver/Src/stm32f3xx_hal_uart.c.obj
                0x0800078c                HAL_UART_Init
 .text.UART_SetConfig
                0x08000828      0x26c CMakeFiles/binary-KWS.dir/Drivers/STM32F3xx_HAL_Driver/Src/stm32f3xx_hal_uart.c.obj
                0x08000828                UART_SetConfig
 .text.UART_AdvFeatureConfig
                0x08000a94      0x144 CMakeFiles/binary-KWS.dir/Drivers/STM32F3xx_HAL_Driver/Src/stm32f3xx_hal_uart.c.obj
                0x08000a94                UART_AdvFeatureConfig
 .text.UART_CheckIdleState
                0x08000bd8      0x150 CMakeFiles/binary-KWS.dir/Drivers/STM32F3xx_HAL_Driver/Src/stm32f3xx_hal_uart.c.obj
                0x08000bd8                UART_CheckIdleState
 .text.UART_WaitOnFlagUntilTimeout
                0x08000d28       0xda CMakeFiles/binary-KWS.dir/Drivers/STM32F3xx_HAL_Driver/Src/stm32f3xx_hal_uart.c.obj
                0x08000d28                UART_WaitOnFlagUntilTimeout
 .text.UART_EndRxTransfer
                0x08000e02       0xc8 CMakeFiles/binary-KWS.dir/Drivers/STM32F3xx_HAL_Driver/Src/stm32f3xx_hal_uart.c.obj
 *fill*         0x08000eca        0x2 
 .text.HAL_Init
                0x08000ecc       0x2c CMakeFiles/binary-KWS.dir/Drivers/STM32F3xx_HAL_Driver/Src/stm32f3xx_hal.c.obj
                0x08000ecc                HAL_Init
 .text.HAL_InitTick
                0x08000ef8       0x60 CMakeFiles/binary-KWS.dir/Drivers/STM32F3xx_HAL_Driver/Src/stm32f3xx_hal.c.obj
                0x08000ef8                HAL_InitTick
 .text.HAL_IncTick
                0x08000f58       0x28 CMakeFiles/binary-KWS.dir/Drivers/STM32F3xx_HAL_Driver/Src/stm32f3xx_hal.c.obj
                0x08000f58                HAL_IncTick
 .text.HAL_GetTick
                0x08000f80       0x18 CMakeFiles/binary-KWS.dir/Drivers/STM32F3xx_HAL_Driver/Src/stm32f3xx_hal.c.obj
                0x08000f80                HAL_GetTick
 .text.HAL_Delay
                0x08000f98       0x48 CMakeFiles/binary-KWS.dir/Drivers/STM32F3xx_HAL_Driver/Src/stm32f3xx_hal.c.obj
                0x08000f98                HAL_Delay
 .text.HAL_RCC_OscConfig
                0x08000fe0     0x107c CMakeFiles/binary-KWS.dir/Drivers/STM32F3xx_HAL_Driver/Src/stm32f3xx_hal_rcc.c.obj
                0x08000fe0                HAL_RCC_OscConfig
 .text.HAL_RCC_ClockConfig
                0x0800205c      0x2f8 CMakeFiles/binary-KWS.dir/Drivers/STM32F3xx_HAL_Driver/Src/stm32f3xx_hal_rcc.c.obj
                0x0800205c                HAL_RCC_ClockConfig
 .text.HAL_RCC_GetSysClockFreq
                0x08002354       0xa8 CMakeFiles/binary-KWS.dir/Drivers/STM32F3xx_HAL_Driver/Src/stm32f3xx_hal_rcc.c.obj
                0x08002354                HAL_RCC_GetSysClockFreq
 .text.HAL_RCC_GetHCLKFreq
                0x080023fc       0x18 CMakeFiles/binary-KWS.dir/Drivers/STM32F3xx_HAL_Driver/Src/stm32f3xx_hal_rcc.c.obj
                0x080023fc                HAL_RCC_GetHCLKFreq
 .text.HAL_RCC_GetPCLK1Freq
                0x08002414       0x44 CMakeFiles/binary-KWS.dir/Drivers/STM32F3xx_HAL_Driver/Src/stm32f3xx_hal_rcc.c.obj
                0x08002414                HAL_RCC_GetPCLK1Freq
 .text.HAL_RCC_GetPCLK2Freq
                0x08002458       0x44 CMakeFiles/binary-KWS.dir/Drivers/STM32F3xx_HAL_Driver/Src/stm32f3xx_hal_rcc.c.obj
                0x08002458                HAL_RCC_GetPCLK2Freq
 .text.HAL_GPIO_Init
                0x0800249c      0x2e4 CMakeFiles/binary-KWS.dir/Drivers/STM32F3xx_HAL_Driver/Src/stm32f3xx_hal_gpio.c.obj
                0x0800249c                HAL_GPIO_Init
 .text.HAL_GPIO_WritePin
                0x08002780       0x30 CMakeFiles/binary-KWS.dir/Drivers/STM32F3xx_HAL_Driver/Src/stm32f3xx_hal_gpio.c.obj
                0x08002780                HAL_GPIO_WritePin
 .text.HAL_GPIO_TogglePin
                0x080027b0       0x34 CMakeFiles/binary-KWS.dir/Drivers/STM32F3xx_HAL_Driver/Src/stm32f3xx_hal_gpio.c.obj
                0x080027b0                HAL_GPIO_TogglePin
 .text.__NVIC_SetPriorityGrouping
                0x080027e4       0x48 CMakeFiles/binary-KWS.dir/Drivers/STM32F3xx_HAL_Driver/Src/stm32f3xx_hal_cortex.c.obj
 .text.__NVIC_GetPriorityGrouping
                0x0800282c       0x1c CMakeFiles/binary-KWS.dir/Drivers/STM32F3xx_HAL_Driver/Src/stm32f3xx_hal_cortex.c.obj
 .text.__NVIC_SetPriority
                0x08002848       0x54 CMakeFiles/binary-KWS.dir/Drivers/STM32F3xx_HAL_Driver/Src/stm32f3xx_hal_cortex.c.obj
 .text.NVIC_EncodePriority
                0x0800289c       0x66 CMakeFiles/binary-KWS.dir/Drivers/STM32F3xx_HAL_Driver/Src/stm32f3xx_hal_cortex.c.obj
 *fill*         0x08002902        0x2 
 .text.SysTick_Config
                0x08002904       0x44 CMakeFiles/binary-KWS.dir/Drivers/STM32F3xx_HAL_Driver/Src/stm32f3xx_hal_cortex.c.obj
 .text.HAL_NVIC_SetPriorityGrouping
                0x08002948       0x16 CMakeFiles/binary-KWS.dir/Drivers/STM32F3xx_HAL_Driver/Src/stm32f3xx_hal_cortex.c.obj
                0x08002948                HAL_NVIC_SetPriorityGrouping
 .text.HAL_NVIC_SetPriority
                0x0800295e       0x38 CMakeFiles/binary-KWS.dir/Drivers/STM32F3xx_HAL_Driver/Src/stm32f3xx_hal_cortex.c.obj
                0x0800295e                HAL_NVIC_SetPriority
 .text.HAL_SYSTICK_Config
                0x08002996       0x18 CMakeFiles/binary-KWS.dir/Drivers/STM32F3xx_HAL_Driver/Src/stm32f3xx_hal_cortex.c.obj
                0x08002996                HAL_SYSTICK_Config
 *fill*         0x080029ae        0x2 
 .text.SystemInit
                0x080029b0       0x24 CMakeFiles/binary-KWS.dir/Core/Src/system_stm32f3xx.c.obj
                0x080029b0                SystemInit
 .text.Reset_Handler
                0x080029d4       0x50 CMakeFiles/binary-KWS.dir/startup_stm32f334x8.s.obj
                0x080029d4                Reset_Handler
 .text.Default_Handler
                0x08002a24        0x2 CMakeFiles/binary-KWS.dir/startup_stm32f334x8.s.obj
                0x08002a24                RTC_Alarm_IRQHandler
                0x08002a24                HRTIM1_Master_IRQHandler
                0x08002a24                TIM1_CC_IRQHandler
                0x08002a24                HRTIM1_FLT_IRQHandler
                0x08002a24                PVD_IRQHandler
                0x08002a24                HRTIM1_TIMD_IRQHandler
                0x08002a24                TAMP_STAMP_IRQHandler
                0x08002a24                EXTI3_IRQHandler
                0x08002a24                EXTI0_IRQHandler
                0x08002a24                FPU_IRQHandler
                0x08002a24                CAN_TX_IRQHandler
                0x08002a24                TIM1_UP_TIM16_IRQHandler
                0x08002a24                ADC1_2_IRQHandler
                0x08002a24                HRTIM1_TIME_IRQHandler
                0x08002a24                SPI1_IRQHandler
                0x08002a24                CAN_SCE_IRQHandler
                0x08002a24                HRTIM1_TIMC_IRQHandler
                0x08002a24                DMA1_Channel4_IRQHandler
                0x08002a24                USART3_IRQHandler
                0x08002a24                DMA1_Channel7_IRQHandler
                0x08002a24                TIM7_DAC2_IRQHandler
                0x08002a24                CAN_RX1_IRQHandler
                0x08002a24                I2C1_EV_IRQHandler
                0x08002a24                DMA1_Channel6_IRQHandler
                0x08002a24                TIM3_IRQHandler
                0x08002a24                RCC_IRQHandler
                0x08002a24                DMA1_Channel1_IRQHandler
                0x08002a24                Default_Handler
                0x08002a24                EXTI15_10_IRQHandler
                0x08002a24                COMP2_IRQHandler
                0x08002a24                HRTIM1_TIMA_IRQHandler
                0x08002a24                TIM6_DAC1_IRQHandler
                0x08002a24                EXTI9_5_IRQHandler
                0x08002a24                RTC_WKUP_IRQHandler
                0x08002a24                DMA1_Channel5_IRQHandler
                0x08002a24                EXTI4_IRQHandler
                0x08002a24                HRTIM1_TIMB_IRQHandler
                0x08002a24                TIM1_TRG_COM_TIM17_IRQHandler
                0x08002a24                DMA1_Channel3_IRQHandler
                0x08002a24                WWDG_IRQHandler
                0x08002a24                TIM2_IRQHandler
                0x08002a24                EXTI1_IRQHandler
                0x08002a24                COMP4_6_IRQHandler
                0x08002a24                USART2_IRQHandler
                0x08002a24                DMA1_Channel2_IRQHandler
                0x08002a24                FLASH_IRQHandler
                0x08002a24                USART1_IRQHandler
                0x08002a24                CAN_RX0_IRQHandler
                0x08002a24                I2C1_ER_IRQHandler
                0x08002a24                EXTI2_TSC_IRQHandler
                0x08002a24                TIM1_BRK_TIM15_IRQHandler
 *(.glue_7)
 .glue_7        0x08002a26        0x0 linker stubs
 *(.glue_7t)
 .glue_7t       0x08002a26        0x0 linker stubs
 *(.eh_frame)
 *fill*         0x08002a26        0x2 
 .eh_frame      0x08002a28        0x0 /opt/st/stm32cubeclt_1.17.0/GNU-tools-for-STM32/bin/../lib/gcc/arm-none-eabi/12.3.1/thumb/v7e-m+fp/hard/crtbegin.o
 *(.init)
 .init          0x08002a28        0x4 /opt/st/stm32cubeclt_1.17.0/GNU-tools-for-STM32/bin/../lib/gcc/arm-none-eabi/12.3.1/thumb/v7e-m+fp/hard/crti.o
                0x08002a28                _init
 .init          0x08002a2c        0x8 /opt/st/stm32cubeclt_1.17.0/GNU-tools-for-STM32/bin/../lib/gcc/arm-none-eabi/12.3.1/thumb/v7e-m+fp/hard/crtn.o
 *(.fini)
 .fini          0x08002a34        0x4 /opt/st/stm32cubeclt_1.17.0/GNU-tools-for-STM32/bin/../lib/gcc/arm-none-eabi/12.3.1/thumb/v7e-m+fp/hard/crti.o
                0x08002a34                _fini
 .fini          0x08002a38        0x8 /opt/st/stm32cubeclt_1.17.0/GNU-tools-for-STM32/bin/../lib/gcc/arm-none-eabi/12.3.1/thumb/v7e-m+fp/hard/crtn.o
                0x08002a40                        . = ALIGN (0x4)
                0x08002a40                        _etext = .

.vfp11_veneer   0x08002a40        0x0
 .vfp11_veneer  0x08002a40        0x0 linker stubs

.v4_bx          0x08002a40        0x0
 .v4_bx         0x08002a40        0x0 linker stubs

.iplt           0x08002a40        0x0
 .iplt          0x08002a40        0x0 /opt/st/stm32cubeclt_1.17.0/GNU-tools-for-STM32/bin/../lib/gcc/arm-none-eabi/12.3.1/thumb/v7e-m+fp/hard/crtbegin.o

.rodata         0x08002a40     0x7d90
                0x08002a40                        . = ALIGN (0x4)
 *(.rodata)
 *(.rodata*)
 .rodata.bn1_biases_float16
                0x08002a40      0x200 CMakeFiles/binary-KWS.dir/Core/Src/main.c.obj
 .rodata.bn1_weights_float16
                0x08002c40      0x200 CMakeFiles/binary-KWS.dir/Core/Src/main.c.obj
 .rodata.bn2_biases_float16
                0x08002e40      0x100 CMakeFiles/binary-KWS.dir/Core/Src/main.c.obj
 .rodata.bn2_weights_float16
                0x08002f40      0x100 CMakeFiles/binary-KWS.dir/Core/Src/main.c.obj
 .rodata.l1_biases_binarized
                0x08003040       0x20 CMakeFiles/binary-KWS.dir/Core/Src/main.c.obj
 .rodata.l1_weights_binarized
                0x08003060     0x6320 CMakeFiles/binary-KWS.dir/Core/Src/main.c.obj
 .rodata.l2_biases_binarized
                0x08009380       0x10 CMakeFiles/binary-KWS.dir/Core/Src/main.c.obj
 .rodata.l2_weights_binarized
                0x08009390     0x1000 CMakeFiles/binary-KWS.dir/Core/Src/main.c.obj
 .rodata.l4_biases_float16
                0x0800a390        0x8 CMakeFiles/binary-KWS.dir/Core/Src/main.c.obj
 .rodata.l4_weights_float16
                0x0800a398      0x400 CMakeFiles/binary-KWS.dir/Core/Src/main.c.obj
 .rodata.aPLLMULFactorTable
                0x0800a798       0x10 CMakeFiles/binary-KWS.dir/Drivers/STM32F3xx_HAL_Driver/Src/stm32f3xx_hal_rcc.c.obj
 .rodata.aPredivFactorTable
                0x0800a7a8       0x10 CMakeFiles/binary-KWS.dir/Drivers/STM32F3xx_HAL_Driver/Src/stm32f3xx_hal_rcc.c.obj
 .rodata.AHBPrescTable
                0x0800a7b8       0x10 CMakeFiles/binary-KWS.dir/Core/Src/system_stm32f3xx.c.obj
                0x0800a7b8                AHBPrescTable
 .rodata.APBPrescTable
                0x0800a7c8        0x8 CMakeFiles/binary-KWS.dir/Core/Src/system_stm32f3xx.c.obj
                0x0800a7c8                APBPrescTable
                0x0800a7d0                        . = ALIGN (0x4)

.rel.dyn        0x0800a7d0        0x0
 .rel.iplt      0x0800a7d0        0x0 /opt/st/stm32cubeclt_1.17.0/GNU-tools-for-STM32/bin/../lib/gcc/arm-none-eabi/12.3.1/thumb/v7e-m+fp/hard/crtbegin.o

.ARM.extab
 *(.ARM.extab* .gnu.linkonce.armextab.*)

.ARM            0x0800a7d0        0x0
                0x0800a7d0                        __exidx_start = .
 *(.ARM.exidx*)
                0x0800a7d0                        __exidx_end = .

.preinit_array  0x0800a7d0        0x0
                0x0800a7d0                        PROVIDE (__preinit_array_start = .)
 *(.preinit_array*)
                0x0800a7d0                        PROVIDE (__preinit_array_end = .)

.init_array     0x0800a7d0        0x4
                0x0800a7d0                        PROVIDE (__init_array_start = .)
 *(SORT_BY_NAME(.init_array.*))
 *(.init_array*)
 .init_array    0x0800a7d0        0x4 /opt/st/stm32cubeclt_1.17.0/GNU-tools-for-STM32/bin/../lib/gcc/arm-none-eabi/12.3.1/thumb/v7e-m+fp/hard/crtbegin.o
                0x0800a7d4                        PROVIDE (__init_array_end = .)

.fini_array     0x0800a7d4        0x4
                [!provide]                        PROVIDE (__fini_array_start = .)
 *(SORT_BY_NAME(.fini_array.*))
 *(.fini_array*)
 .fini_array    0x0800a7d4        0x4 /opt/st/stm32cubeclt_1.17.0/GNU-tools-for-STM32/bin/../lib/gcc/arm-none-eabi/12.3.1/thumb/v7e-m+fp/hard/crtbegin.o
                [!provide]                        PROVIDE (__fini_array_end = .)
                0x0800a7d8                        _sidata = LOADADDR (.data)

.data           0x20000000        0xc load address 0x0800a7d8
                0x20000000                        . = ALIGN (0x4)
                0x20000000                        _sdata = .
 *(.data)
 *(.data*)
 .data.uwTickPrio
                0x20000000        0x4 CMakeFiles/binary-KWS.dir/Drivers/STM32F3xx_HAL_Driver/Src/stm32f3xx_hal.c.obj
                0x20000000                uwTickPrio
 .data.uwTickFreq
                0x20000004        0x1 CMakeFiles/binary-KWS.dir/Drivers/STM32F3xx_HAL_Driver/Src/stm32f3xx_hal.c.obj
                0x20000004                uwTickFreq
 *fill*         0x20000005        0x3 
 .data.SystemCoreClock
                0x20000008        0x4 CMakeFiles/binary-KWS.dir/Core/Src/system_stm32f3xx.c.obj
                0x20000008                SystemCoreClock
                0x2000000c                        . = ALIGN (0x4)
                0x2000000c                        _edata = .
                0x0800a7e4                        _siccmram = LOADADDR (.ccmram)

.igot.plt       0x2000000c        0x0 load address 0x0800a7e4
 .igot.plt      0x2000000c        0x0 /opt/st/stm32cubeclt_1.17.0/GNU-tools-for-STM32/bin/../lib/gcc/arm-none-eabi/12.3.1/thumb/v7e-m+fp/hard/crtbegin.o

.ccmram         0x10000000        0x0 load address 0x0800a7e4
                0x10000000                        . = ALIGN (0x4)
                0x10000000                        _sccmram = .
 *(.ccmram)
 *(.ccmram*)
                0x10000000                        . = ALIGN (0x4)
                0x10000000                        _eccmram = .
                0x10000000                        . = ALIGN (0x4)

.bss            0x2000000c       0xa8
                0x2000000c                        _sbss = .
                0x2000000c                        __bss_start__ = _sbss
 *(.bss)
 .bss           0x2000000c       0x1c /opt/st/stm32cubeclt_1.17.0/GNU-tools-for-STM32/bin/../lib/gcc/arm-none-eabi/12.3.1/thumb/v7e-m+fp/hard/crtbegin.o
 *(.bss*)
 .bss.huart2    0x20000028       0x88 CMakeFiles/binary-KWS.dir/Core/Src/main.c.obj
                0x20000028                huart2
 .bss.uwTick    0x200000b0        0x4 CMakeFiles/binary-KWS.dir/Drivers/STM32F3xx_HAL_Driver/Src/stm32f3xx_hal.c.obj
                0x200000b0                uwTick
 *(COMMON)
                0x200000b4                        . = ALIGN (0x4)
                0x200000b4                        _ebss = .
                0x200000b4                        __bss_end__ = _ebss

._user_heap_stack
                0x200000b4      0x604
                0x200000b8                        . = ALIGN (0x8)
 *fill*         0x200000b4        0x4 
                [!provide]                        PROVIDE (end = .)
                0x200000b8                        PROVIDE (_end = .)
                0x200002b8                        . = (. + _Min_Heap_Size)
 *fill*         0x200000b8      0x200 
                0x200006b8                        . = (. + _Min_Stack_Size)
 *fill*         0x200002b8      0x400 
                0x200006b8                        . = ALIGN (0x8)

/DISCARD/
 libc.a(*)
 libm.a(*)
 libgcc.a(*)
OUTPUT(binary-KWS.elf elf32-littlearm)
LOAD linker stubs
LOAD /opt/st/stm32cubeclt_1.17.0/GNU-tools-for-STM32/bin/../lib/gcc/arm-none-eabi/12.3.1/../../../../arm-none-eabi/lib/thumb/v7e-m+fp/hard/libc.a
LOAD /opt/st/stm32cubeclt_1.17.0/GNU-tools-for-STM32/bin/../lib/gcc/arm-none-eabi/12.3.1/../../../../arm-none-eabi/lib/thumb/v7e-m+fp/hard/libm.a
LOAD /opt/st/stm32cubeclt_1.17.0/GNU-tools-for-STM32/bin/../lib/gcc/arm-none-eabi/12.3.1/thumb/v7e-m+fp/hard/libgcc.a

.ARM.attributes
                0x00000000       0x30
 .ARM.attributes
                0x00000000       0x22 /opt/st/stm32cubeclt_1.17.0/GNU-tools-for-STM32/bin/../lib/gcc/arm-none-eabi/12.3.1/thumb/v7e-m+fp/hard/crti.o
 .ARM.attributes
                0x00000022       0x34 /opt/st/stm32cubeclt_1.17.0/GNU-tools-for-STM32/bin/../lib/gcc/arm-none-eabi/12.3.1/thumb/v7e-m+fp/hard/crtbegin.o
 .ARM.attributes
                0x00000056       0x34 /opt/st/stm32cubeclt_1.17.0/GNU-tools-for-STM32/bin/../lib/gcc/arm-none-eabi/12.3.1/../../../../arm-none-eabi/lib/thumb/v7e-m+fp/hard/libc_nano.a(libc_a-memset.o)
 .ARM.attributes
                0x0000008a       0x34 /opt/st/stm32cubeclt_1.17.0/GNU-tools-for-STM32/bin/../lib/gcc/arm-none-eabi/12.3.1/../../../../arm-none-eabi/lib/thumb/v7e-m+fp/hard/libc_nano.a(libc_a-init.o)
 .ARM.attributes
                0x000000be       0x34 CMakeFiles/binary-KWS.dir/Core/Src/main.c.obj
 .ARM.attributes
                0x000000f2       0x34 CMakeFiles/binary-KWS.dir/Core/Src/stm32f3xx_it.c.obj
 .ARM.attributes
                0x00000126       0x34 CMakeFiles/binary-KWS.dir/Core/Src/stm32f3xx_hal_msp.c.obj
 .ARM.attributes
                0x0000015a       0x34 CMakeFiles/binary-KWS.dir/Drivers/STM32F3xx_HAL_Driver/Src/stm32f3xx_hal_uart.c.obj
 .ARM.attributes
                0x0000018e       0x34 CMakeFiles/binary-KWS.dir/Drivers/STM32F3xx_HAL_Driver/Src/stm32f3xx_hal.c.obj
 .ARM.attributes
                0x000001c2       0x34 CMakeFiles/binary-KWS.dir/Drivers/STM32F3xx_HAL_Driver/Src/stm32f3xx_hal_rcc.c.obj
 .ARM.attributes
                0x000001f6       0x34 CMakeFiles/binary-KWS.dir/Drivers/STM32F3xx_HAL_Driver/Src/stm32f3xx_hal_gpio.c.obj
 .ARM.attributes
                0x0000022a       0x34 CMakeFiles/binary-KWS.dir/Drivers/STM32F3xx_HAL_Driver/Src/stm32f3xx_hal_cortex.c.obj
 .ARM.attributes
                0x0000025e       0x34 CMakeFiles/binary-KWS.dir/Core/Src/system_stm32f3xx.c.obj
 .ARM.attributes
                0x00000292       0x21 CMakeFiles/binary-KWS.dir/startup_stm32f334x8.s.obj
 .ARM.attributes
                0x000002b3       0x22 /opt/st/stm32cubeclt_1.17.0/GNU-tools-for-STM32/bin/../lib/gcc/arm-none-eabi/12.3.1/thumb/v7e-m+fp/hard/crtn.o

.comment        0x00000000       0x43
 .comment       0x00000000       0x43 CMakeFiles/binary-KWS.dir/Core/Src/main.c.obj
                                 0x44 (size before relaxing)
 .comment       0x00000043       0x44 CMakeFiles/binary-KWS.dir/Core/Src/stm32f3xx_it.c.obj
 .comment       0x00000043       0x44 CMakeFiles/binary-KWS.dir/Core/Src/stm32f3xx_hal_msp.c.obj
 .comment       0x00000043       0x44 CMakeFiles/binary-KWS.dir/Drivers/STM32F3xx_HAL_Driver/Src/stm32f3xx_hal_uart.c.obj
 .comment       0x00000043       0x44 CMakeFiles/binary-KWS.dir/Drivers/STM32F3xx_HAL_Driver/Src/stm32f3xx_hal.c.obj
 .comment       0x00000043       0x44 CMakeFiles/binary-KWS.dir/Drivers/STM32F3xx_HAL_Driver/Src/stm32f3xx_hal_rcc.c.obj
 .comment       0x00000043       0x44 CMakeFiles/binary-KWS.dir/Drivers/STM32F3xx_HAL_Driver/Src/stm32f3xx_hal_gpio.c.obj
 .comment       0x00000043       0x44 CMakeFiles/binary-KWS.dir/Drivers/STM32F3xx_HAL_Driver/Src/stm32f3xx_hal_cortex.c.obj
 .comment       0x00000043       0x44 CMakeFiles/binary-KWS.dir/Core/Src/system_stm32f3xx.c.obj

.debug_frame    0x00000000     0x17b4
 .debug_frame   0x00000000       0x20 /opt/st/stm32cubeclt_1.17.0/GNU-tools-for-STM32/bin/../lib/gcc/arm-none-eabi/12.3.1/../../../../arm-none-eabi/lib/thumb/v7e-m+fp/hard/libc_nano.a(libc_a-memset.o)
 .debug_frame   0x00000020       0x2c /opt/st/stm32cubeclt_1.17.0/GNU-tools-for-STM32/bin/../lib/gcc/arm-none-eabi/12.3.1/../../../../arm-none-eabi/lib/thumb/v7e-m+fp/hard/libc_nano.a(libc_a-init.o)
 .debug_frame   0x0000004c       0xec CMakeFiles/binary-KWS.dir/Core/Src/main.c.obj
 .debug_frame   0x00000138      0x104 CMakeFiles/binary-KWS.dir/Core/Src/stm32f3xx_it.c.obj
 .debug_frame   0x0000023c       0x7c CMakeFiles/binary-KWS.dir/Core/Src/stm32f3xx_hal_msp.c.obj
 .debug_frame   0x000002b8      0x9e8 CMakeFiles/binary-KWS.dir/Drivers/STM32F3xx_HAL_Driver/Src/stm32f3xx_hal_uart.c.obj
 .debug_frame   0x00000ca0      0x334 CMakeFiles/binary-KWS.dir/Drivers/STM32F3xx_HAL_Driver/Src/stm32f3xx_hal.c.obj
 .debug_frame   0x00000fd4      0x214 CMakeFiles/binary-KWS.dir/Drivers/STM32F3xx_HAL_Driver/Src/stm32f3xx_hal_rcc.c.obj
 .debug_frame   0x000011e8      0x14c CMakeFiles/binary-KWS.dir/Drivers/STM32F3xx_HAL_Driver/Src/stm32f3xx_hal_gpio.c.obj
 .debug_frame   0x00001334      0x428 CMakeFiles/binary-KWS.dir/Drivers/STM32F3xx_HAL_Driver/Src/stm32f3xx_hal_cortex.c.obj
 .debug_frame   0x0000175c       0x58 CMakeFiles/binary-KWS.dir/Core/Src/system_stm32f3xx.c.obj

.debug_info     0x00000000     0x8449
 .debug_info    0x00000000      0xf02 CMakeFiles/binary-KWS.dir/Core/Src/main.c.obj
 .debug_info    0x00000f02      0x113 CMakeFiles/binary-KWS.dir/Core/Src/stm32f3xx_it.c.obj
 .debug_info    0x00001015      0x900 CMakeFiles/binary-KWS.dir/Core/Src/stm32f3xx_hal_msp.c.obj
 .debug_info    0x00001915     0x39a8 CMakeFiles/binary-KWS.dir/Drivers/STM32F3xx_HAL_Driver/Src/stm32f3xx_hal_uart.c.obj
 .debug_info    0x000052bd      0x774 CMakeFiles/binary-KWS.dir/Drivers/STM32F3xx_HAL_Driver/Src/stm32f3xx_hal.c.obj
 .debug_info    0x00005a31     0x148a CMakeFiles/binary-KWS.dir/Drivers/STM32F3xx_HAL_Driver/Src/stm32f3xx_hal_rcc.c.obj
 .debug_info    0x00006ebb      0x6a6 CMakeFiles/binary-KWS.dir/Drivers/STM32F3xx_HAL_Driver/Src/stm32f3xx_hal_gpio.c.obj
 .debug_info    0x00007561      0xab1 CMakeFiles/binary-KWS.dir/Drivers/STM32F3xx_HAL_Driver/Src/stm32f3xx_hal_cortex.c.obj
 .debug_info    0x00008012      0x407 CMakeFiles/binary-KWS.dir/Core/Src/system_stm32f3xx.c.obj
 .debug_info    0x00008419       0x30 CMakeFiles/binary-KWS.dir/startup_stm32f334x8.s.obj

.debug_abbrev   0x00000000     0x1284
 .debug_abbrev  0x00000000      0x284 CMakeFiles/binary-KWS.dir/Core/Src/main.c.obj
 .debug_abbrev  0x00000284       0x73 CMakeFiles/binary-KWS.dir/Core/Src/stm32f3xx_it.c.obj
 .debug_abbrev  0x000002f7      0x1a7 CMakeFiles/binary-KWS.dir/Core/Src/stm32f3xx_hal_msp.c.obj
 .debug_abbrev  0x0000049e      0x2d1 CMakeFiles/binary-KWS.dir/Drivers/STM32F3xx_HAL_Driver/Src/stm32f3xx_hal_uart.c.obj
 .debug_abbrev  0x0000076f      0x215 CMakeFiles/binary-KWS.dir/Drivers/STM32F3xx_HAL_Driver/Src/stm32f3xx_hal.c.obj
 .debug_abbrev  0x00000984      0x300 CMakeFiles/binary-KWS.dir/Drivers/STM32F3xx_HAL_Driver/Src/stm32f3xx_hal_rcc.c.obj
 .debug_abbrev  0x00000c84      0x1ca CMakeFiles/binary-KWS.dir/Drivers/STM32F3xx_HAL_Driver/Src/stm32f3xx_hal_gpio.c.obj
 .debug_abbrev  0x00000e4e      0x2f8 CMakeFiles/binary-KWS.dir/Drivers/STM32F3xx_HAL_Driver/Src/stm32f3xx_hal_cortex.c.obj
 .debug_abbrev  0x00001146      0x11a CMakeFiles/binary-KWS.dir/Core/Src/system_stm32f3xx.c.obj
 .debug_abbrev  0x00001260       0x24 CMakeFiles/binary-KWS.dir/startup_stm32f334x8.s.obj

.debug_aranges  0x00000000      0x618
 .debug_aranges
                0x00000000       0x50 CMakeFiles/binary-KWS.dir/Core/Src/main.c.obj
 .debug_aranges
                0x00000050       0x60 CMakeFiles/binary-KWS.dir/Core/Src/stm32f3xx_it.c.obj
 .debug_aranges
                0x000000b0       0x30 CMakeFiles/binary-KWS.dir/Core/Src/stm32f3xx_hal_msp.c.obj
 .debug_aranges
                0x000000e0      0x228 CMakeFiles/binary-KWS.dir/Drivers/STM32F3xx_HAL_Driver/Src/stm32f3xx_hal_uart.c.obj
 .debug_aranges
                0x00000308       0xe0 CMakeFiles/binary-KWS.dir/Drivers/STM32F3xx_HAL_Driver/Src/stm32f3xx_hal.c.obj
 .debug_aranges
                0x000003e8       0x88 CMakeFiles/binary-KWS.dir/Drivers/STM32F3xx_HAL_Driver/Src/stm32f3xx_hal_rcc.c.obj
 .debug_aranges
                0x00000470       0x58 CMakeFiles/binary-KWS.dir/Drivers/STM32F3xx_HAL_Driver/Src/stm32f3xx_hal_gpio.c.obj
 .debug_aranges
                0x000004c8      0x100 CMakeFiles/binary-KWS.dir/Drivers/STM32F3xx_HAL_Driver/Src/stm32f3xx_hal_cortex.c.obj
 .debug_aranges
                0x000005c8       0x28 CMakeFiles/binary-KWS.dir/Core/Src/system_stm32f3xx.c.obj
 .debug_aranges
                0x000005f0       0x28 CMakeFiles/binary-KWS.dir/startup_stm32f334x8.s.obj

.debug_rnglists
                0x00000000      0x4ad
 .debug_rnglists
                0x00000000       0x3a CMakeFiles/binary-KWS.dir/Core/Src/main.c.obj
 .debug_rnglists
                0x0000003a       0x43 CMakeFiles/binary-KWS.dir/Core/Src/stm32f3xx_it.c.obj
 .debug_rnglists
                0x0000007d       0x20 CMakeFiles/binary-KWS.dir/Core/Src/stm32f3xx_hal_msp.c.obj
 .debug_rnglists
                0x0000009d      0x1da CMakeFiles/binary-KWS.dir/Drivers/STM32F3xx_HAL_Driver/Src/stm32f3xx_hal_uart.c.obj
 .debug_rnglists
                0x00000277       0xa3 CMakeFiles/binary-KWS.dir/Drivers/STM32F3xx_HAL_Driver/Src/stm32f3xx_hal.c.obj
 .debug_rnglists
                0x0000031a       0x66 CMakeFiles/binary-KWS.dir/Drivers/STM32F3xx_HAL_Driver/Src/stm32f3xx_hal_rcc.c.obj
 .debug_rnglists
                0x00000380       0x3f CMakeFiles/binary-KWS.dir/Drivers/STM32F3xx_HAL_Driver/Src/stm32f3xx_hal_gpio.c.obj
 .debug_rnglists
                0x000003bf       0xbb CMakeFiles/binary-KWS.dir/Drivers/STM32F3xx_HAL_Driver/Src/stm32f3xx_hal_cortex.c.obj
 .debug_rnglists
                0x0000047a       0x1a CMakeFiles/binary-KWS.dir/Core/Src/system_stm32f3xx.c.obj
 .debug_rnglists
                0x00000494       0x19 CMakeFiles/binary-KWS.dir/startup_stm32f334x8.s.obj

.debug_macro    0x00000000    0x1e4a4
 .debug_macro   0x00000000      0x225 CMakeFiles/binary-KWS.dir/Core/Src/main.c.obj
 .debug_macro   0x00000225      0xab4 CMakeFiles/binary-KWS.dir/Core/Src/main.c.obj
 .debug_macro   0x00000cd9      0x158 CMakeFiles/binary-KWS.dir/Core/Src/main.c.obj
 .debug_macro   0x00000e31       0x2e CMakeFiles/binary-KWS.dir/Core/Src/main.c.obj
 .debug_macro   0x00000e5f       0x28 CMakeFiles/binary-KWS.dir/Core/Src/main.c.obj
 .debug_macro   0x00000e87       0x22 CMakeFiles/binary-KWS.dir/Core/Src/main.c.obj
 .debug_macro   0x00000ea9       0x8e CMakeFiles/binary-KWS.dir/Core/Src/main.c.obj
 .debug_macro   0x00000f37       0x51 CMakeFiles/binary-KWS.dir/Core/Src/main.c.obj
 .debug_macro   0x00000f88      0x103 CMakeFiles/binary-KWS.dir/Core/Src/main.c.obj
 .debug_macro   0x0000108b       0x6a CMakeFiles/binary-KWS.dir/Core/Src/main.c.obj
 .debug_macro   0x000010f5      0x1df CMakeFiles/binary-KWS.dir/Core/Src/main.c.obj
 .debug_macro   0x000012d4       0x1c CMakeFiles/binary-KWS.dir/Core/Src/main.c.obj
 .debug_macro   0x000012f0       0x22 CMakeFiles/binary-KWS.dir/Core/Src/main.c.obj
 .debug_macro   0x00001312       0xd9 CMakeFiles/binary-KWS.dir/Core/Src/main.c.obj
 .debug_macro   0x000013eb      0xf07 CMakeFiles/binary-KWS.dir/Core/Src/main.c.obj
 .debug_macro   0x000022f2    0x1585b CMakeFiles/binary-KWS.dir/Core/Src/main.c.obj
 .debug_macro   0x00017b4d       0x6d CMakeFiles/binary-KWS.dir/Core/Src/main.c.obj
 .debug_macro   0x00017bba     0x3574 CMakeFiles/binary-KWS.dir/Core/Src/main.c.obj
 .debug_macro   0x0001b12e      0x189 CMakeFiles/binary-KWS.dir/Core/Src/main.c.obj
 .debug_macro   0x0001b2b7       0x55 CMakeFiles/binary-KWS.dir/Core/Src/main.c.obj
 .debug_macro   0x0001b30c      0x8f8 CMakeFiles/binary-KWS.dir/Core/Src/main.c.obj
 .debug_macro   0x0001bc04      0x358 CMakeFiles/binary-KWS.dir/Core/Src/main.c.obj
 .debug_macro   0x0001bf5c      0x1b5 CMakeFiles/binary-KWS.dir/Core/Src/main.c.obj
 .debug_macro   0x0001c111      0x130 CMakeFiles/binary-KWS.dir/Core/Src/main.c.obj
 .debug_macro   0x0001c241      0x1d5 CMakeFiles/binary-KWS.dir/Core/Src/main.c.obj
 .debug_macro   0x0001c416      0x1bc CMakeFiles/binary-KWS.dir/Core/Src/main.c.obj
 .debug_macro   0x0001c5d2       0x34 CMakeFiles/binary-KWS.dir/Core/Src/main.c.obj
 .debug_macro   0x0001c606       0x3c CMakeFiles/binary-KWS.dir/Core/Src/main.c.obj
 .debug_macro   0x0001c642       0x57 CMakeFiles/binary-KWS.dir/Core/Src/main.c.obj
 .debug_macro   0x0001c699       0xc5 CMakeFiles/binary-KWS.dir/Core/Src/main.c.obj
 .debug_macro   0x0001c75e      0x19f CMakeFiles/binary-KWS.dir/Core/Src/main.c.obj
 .debug_macro   0x0001c8fd      0x22c CMakeFiles/binary-KWS.dir/Core/Src/main.c.obj
 .debug_macro   0x0001cb29       0x5b CMakeFiles/binary-KWS.dir/Core/Src/main.c.obj
 .debug_macro   0x0001cb84       0xa5 CMakeFiles/binary-KWS.dir/Core/Src/main.c.obj
 .debug_macro   0x0001cc29       0x81 CMakeFiles/binary-KWS.dir/Core/Src/main.c.obj
 .debug_macro   0x0001ccaa       0xd3 CMakeFiles/binary-KWS.dir/Core/Src/main.c.obj
 .debug_macro   0x0001cd7d      0x5ba CMakeFiles/binary-KWS.dir/Core/Src/main.c.obj
 .debug_macro   0x0001d337       0x44 CMakeFiles/binary-KWS.dir/Core/Src/main.c.obj
 .debug_macro   0x0001d37b      0x2a1 CMakeFiles/binary-KWS.dir/Core/Src/main.c.obj
 .debug_macro   0x0001d61c       0x64 CMakeFiles/binary-KWS.dir/Core/Src/main.c.obj
 .debug_macro   0x0001d680      0x1cb CMakeFiles/binary-KWS.dir/Core/Src/stm32f3xx_it.c.obj
 .debug_macro   0x0001d84b      0x1c1 CMakeFiles/binary-KWS.dir/Core/Src/stm32f3xx_hal_msp.c.obj
 .debug_macro   0x0001da0c      0x1cf CMakeFiles/binary-KWS.dir/Drivers/STM32F3xx_HAL_Driver/Src/stm32f3xx_hal_uart.c.obj
 .debug_macro   0x0001dbdb      0x1d6 CMakeFiles/binary-KWS.dir/Drivers/STM32F3xx_HAL_Driver/Src/stm32f3xx_hal.c.obj
 .debug_macro   0x0001ddb1      0x1d6 CMakeFiles/binary-KWS.dir/Drivers/STM32F3xx_HAL_Driver/Src/stm32f3xx_hal_rcc.c.obj
 .debug_macro   0x0001df87      0x1b9 CMakeFiles/binary-KWS.dir/Drivers/STM32F3xx_HAL_Driver/Src/stm32f3xx_hal_gpio.c.obj
 .debug_macro   0x0001e140      0x1b2 CMakeFiles/binary-KWS.dir/Drivers/STM32F3xx_HAL_Driver/Src/stm32f3xx_hal_cortex.c.obj
 .debug_macro   0x0001e2f2      0x1b2 CMakeFiles/binary-KWS.dir/Core/Src/system_stm32f3xx.c.obj

.debug_line     0x00000000     0x7f3b
 .debug_line    0x00000000      0xa91 CMakeFiles/binary-KWS.dir/Core/Src/main.c.obj
 .debug_line    0x00000a91      0x6f1 CMakeFiles/binary-KWS.dir/Core/Src/stm32f3xx_it.c.obj
 .debug_line    0x00001182      0x67c CMakeFiles/binary-KWS.dir/Core/Src/stm32f3xx_hal_msp.c.obj
 .debug_line    0x000017fe     0x2fbe CMakeFiles/binary-KWS.dir/Drivers/STM32F3xx_HAL_Driver/Src/stm32f3xx_hal_uart.c.obj
 .debug_line    0x000047bc      0x8e0 CMakeFiles/binary-KWS.dir/Drivers/STM32F3xx_HAL_Driver/Src/stm32f3xx_hal.c.obj
 .debug_line    0x0000509c     0x1274 CMakeFiles/binary-KWS.dir/Drivers/STM32F3xx_HAL_Driver/Src/stm32f3xx_hal_rcc.c.obj
 .debug_line    0x00006310      0xa43 CMakeFiles/binary-KWS.dir/Drivers/STM32F3xx_HAL_Driver/Src/stm32f3xx_hal_gpio.c.obj
 .debug_line    0x00006d53      0xac6 CMakeFiles/binary-KWS.dir/Drivers/STM32F3xx_HAL_Driver/Src/stm32f3xx_hal_cortex.c.obj
 .debug_line    0x00007819      0x6a8 CMakeFiles/binary-KWS.dir/Core/Src/system_stm32f3xx.c.obj
 .debug_line    0x00007ec1       0x7a CMakeFiles/binary-KWS.dir/startup_stm32f334x8.s.obj

.debug_str      0x00000000    0xb5ac8
 .debug_str     0x00000000    0xb41b6 CMakeFiles/binary-KWS.dir/Core/Src/main.c.obj
                              0xb4476 (size before relaxing)
 .debug_str     0x000b41b6       0xe9 CMakeFiles/binary-KWS.dir/Core/Src/stm32f3xx_it.c.obj
                              0xb3b1b (size before relaxing)
 .debug_str     0x000b429f       0xa3 CMakeFiles/binary-KWS.dir/Core/Src/stm32f3xx_hal_msp.c.obj
                              0xb3ff3 (size before relaxing)
 .debug_str     0x000b4342      0x94b CMakeFiles/binary-KWS.dir/Drivers/STM32F3xx_HAL_Driver/Src/stm32f3xx_hal_uart.c.obj
                              0xb476b (size before relaxing)
 .debug_str     0x000b4c8d      0x647 CMakeFiles/binary-KWS.dir/Drivers/STM32F3xx_HAL_Driver/Src/stm32f3xx_hal.c.obj
                              0xb41b0 (size before relaxing)
 .debug_str     0x000b52d4      0x2b9 CMakeFiles/binary-KWS.dir/Drivers/STM32F3xx_HAL_Driver/Src/stm32f3xx_hal_rcc.c.obj
                              0xb3ee8 (size before relaxing)
 .debug_str     0x000b558d      0x1aa CMakeFiles/binary-KWS.dir/Drivers/STM32F3xx_HAL_Driver/Src/stm32f3xx_hal_gpio.c.obj
                              0xb3c27 (size before relaxing)
 .debug_str     0x000b5737      0x2bd CMakeFiles/binary-KWS.dir/Drivers/STM32F3xx_HAL_Driver/Src/stm32f3xx_hal_cortex.c.obj
                              0xb40d5 (size before relaxing)
 .debug_str     0x000b59f4       0x7f CMakeFiles/binary-KWS.dir/Core/Src/system_stm32f3xx.c.obj
                              0xb3a48 (size before relaxing)
 .debug_str     0x000b5a73       0x55 CMakeFiles/binary-KWS.dir/startup_stm32f334x8.s.obj
                                 0x84 (size before relaxing)

.debug_line_str
                0x00000000       0x68
 .debug_line_str
                0x00000000       0x68 CMakeFiles/binary-KWS.dir/startup_stm32f334x8.s.obj
