Archive member included to satisfy reference by file (symbol)

/opt/st/stm32cubeclt_1.17.0/GNU-tools-for-STM32/bin/../lib/gcc/arm-none-eabi/12.3.1/../../../../arm-none-eabi/lib/thumb/v7e-m+fp/hard/libc_nano.a(libc_a-exit.o)
                              /opt/st/stm32cubeclt_1.17.0/GNU-tools-for-STM32/bin/../lib/gcc/arm-none-eabi/12.3.1/../../../../arm-none-eabi/lib/thumb/v7e-m+fp/hard/crt0.o (exit)
/opt/st/stm32cubeclt_1.17.0/GNU-tools-for-STM32/bin/../lib/gcc/arm-none-eabi/12.3.1/../../../../arm-none-eabi/lib/thumb/v7e-m+fp/hard/libc_nano.a(libc_a-findfp.o)
                              /opt/st/stm32cubeclt_1.17.0/GNU-tools-for-STM32/bin/../lib/gcc/arm-none-eabi/12.3.1/../../../../arm-none-eabi/lib/thumb/v7e-m+fp/hard/libc_nano.a(libc_a-exit.o) (__stdio_exit_handler)
/opt/st/stm32cubeclt_1.17.0/GNU-tools-for-STM32/bin/../lib/gcc/arm-none-eabi/12.3.1/../../../../arm-none-eabi/lib/thumb/v7e-m+fp/hard/libc_nano.a(libc_a-fwalk.o)
                              /opt/st/stm32cubeclt_1.17.0/GNU-tools-for-STM32/bin/../lib/gcc/arm-none-eabi/12.3.1/../../../../arm-none-eabi/lib/thumb/v7e-m+fp/hard/libc_nano.a(libc_a-findfp.o) (_fwalk_sglue)
/opt/st/stm32cubeclt_1.17.0/GNU-tools-for-STM32/bin/../lib/gcc/arm-none-eabi/12.3.1/../../../../arm-none-eabi/lib/thumb/v7e-m+fp/hard/libc_nano.a(libc_a-stdio.o)
                              /opt/st/stm32cubeclt_1.17.0/GNU-tools-for-STM32/bin/../lib/gcc/arm-none-eabi/12.3.1/../../../../arm-none-eabi/lib/thumb/v7e-m+fp/hard/libc_nano.a(libc_a-findfp.o) (__sread)
/opt/st/stm32cubeclt_1.17.0/GNU-tools-for-STM32/bin/../lib/gcc/arm-none-eabi/12.3.1/../../../../arm-none-eabi/lib/thumb/v7e-m+fp/hard/libc_nano.a(libc_a-memset.o)
                              /opt/st/stm32cubeclt_1.17.0/GNU-tools-for-STM32/bin/../lib/gcc/arm-none-eabi/12.3.1/../../../../arm-none-eabi/lib/thumb/v7e-m+fp/hard/crt0.o (memset)
/opt/st/stm32cubeclt_1.17.0/GNU-tools-for-STM32/bin/../lib/gcc/arm-none-eabi/12.3.1/../../../../arm-none-eabi/lib/thumb/v7e-m+fp/hard/libc_nano.a(libc_a-closer.o)
                              /opt/st/stm32cubeclt_1.17.0/GNU-tools-for-STM32/bin/../lib/gcc/arm-none-eabi/12.3.1/../../../../arm-none-eabi/lib/thumb/v7e-m+fp/hard/libc_nano.a(libc_a-stdio.o) (_close_r)
/opt/st/stm32cubeclt_1.17.0/GNU-tools-for-STM32/bin/../lib/gcc/arm-none-eabi/12.3.1/../../../../arm-none-eabi/lib/thumb/v7e-m+fp/hard/libc_nano.a(libc_a-reent.o)
                              /opt/st/stm32cubeclt_1.17.0/GNU-tools-for-STM32/bin/../lib/gcc/arm-none-eabi/12.3.1/../../../../arm-none-eabi/lib/thumb/v7e-m+fp/hard/libc_nano.a(libc_a-closer.o) (errno)
/opt/st/stm32cubeclt_1.17.0/GNU-tools-for-STM32/bin/../lib/gcc/arm-none-eabi/12.3.1/../../../../arm-none-eabi/lib/thumb/v7e-m+fp/hard/libc_nano.a(libc_a-impure.o)
                              /opt/st/stm32cubeclt_1.17.0/GNU-tools-for-STM32/bin/../lib/gcc/arm-none-eabi/12.3.1/../../../../arm-none-eabi/lib/thumb/v7e-m+fp/hard/libc_nano.a(libc_a-reent.o) (_impure_ptr)
/opt/st/stm32cubeclt_1.17.0/GNU-tools-for-STM32/bin/../lib/gcc/arm-none-eabi/12.3.1/../../../../arm-none-eabi/lib/thumb/v7e-m+fp/hard/libc_nano.a(libc_a-lseekr.o)
                              /opt/st/stm32cubeclt_1.17.0/GNU-tools-for-STM32/bin/../lib/gcc/arm-none-eabi/12.3.1/../../../../arm-none-eabi/lib/thumb/v7e-m+fp/hard/libc_nano.a(libc_a-stdio.o) (_lseek_r)
/opt/st/stm32cubeclt_1.17.0/GNU-tools-for-STM32/bin/../lib/gcc/arm-none-eabi/12.3.1/../../../../arm-none-eabi/lib/thumb/v7e-m+fp/hard/libc_nano.a(libc_a-readr.o)
                              /opt/st/stm32cubeclt_1.17.0/GNU-tools-for-STM32/bin/../lib/gcc/arm-none-eabi/12.3.1/../../../../arm-none-eabi/lib/thumb/v7e-m+fp/hard/libc_nano.a(libc_a-stdio.o) (_read_r)
/opt/st/stm32cubeclt_1.17.0/GNU-tools-for-STM32/bin/../lib/gcc/arm-none-eabi/12.3.1/../../../../arm-none-eabi/lib/thumb/v7e-m+fp/hard/libc_nano.a(libc_a-writer.o)
                              /opt/st/stm32cubeclt_1.17.0/GNU-tools-for-STM32/bin/../lib/gcc/arm-none-eabi/12.3.1/../../../../arm-none-eabi/lib/thumb/v7e-m+fp/hard/libc_nano.a(libc_a-stdio.o) (_write_r)
/opt/st/stm32cubeclt_1.17.0/GNU-tools-for-STM32/bin/../lib/gcc/arm-none-eabi/12.3.1/../../../../arm-none-eabi/lib/thumb/v7e-m+fp/hard/libc_nano.a(libc_a-init.o)
                              /opt/st/stm32cubeclt_1.17.0/GNU-tools-for-STM32/bin/../lib/gcc/arm-none-eabi/12.3.1/../../../../arm-none-eabi/lib/thumb/v7e-m+fp/hard/crt0.o (__libc_init_array)
/opt/st/stm32cubeclt_1.17.0/GNU-tools-for-STM32/bin/../lib/gcc/arm-none-eabi/12.3.1/../../../../arm-none-eabi/lib/thumb/v7e-m+fp/hard/libc_nano.a(libc_a-lock.o)
                              /opt/st/stm32cubeclt_1.17.0/GNU-tools-for-STM32/bin/../lib/gcc/arm-none-eabi/12.3.1/../../../../arm-none-eabi/lib/thumb/v7e-m+fp/hard/libc_nano.a(libc_a-findfp.o) (__retarget_lock_init_recursive)
/opt/st/stm32cubeclt_1.17.0/GNU-tools-for-STM32/bin/../lib/gcc/arm-none-eabi/12.3.1/../../../../arm-none-eabi/lib/thumb/v7e-m+fp/hard/libc_nano.a(libc_a-freer.o)
[...]
Memory Configuration

Name             Origin             Length             Attributes
RAM              0x20000000         0x00003000         xrw
CCMRAM           0x10000000         0x00001000         xrw
FLASH            0x08000000         0x00010000         xr
*default*        0x00000000         0xffffffff

Linker script and memory map

LOAD /opt/st/stm32cubeclt_1.17.0/GNU-tools-for-STM32/bin/../lib/gcc/arm-none-eabi/12.3.1/thumb/v7e-m+fp/hard/crti.o
LOAD /opt/st/stm32cubeclt_1.17.0/GNU-tools-for-STM32/bin/../lib/gcc/arm-none-eabi/12.3.1/thumb/v7e-m+fp/hard/crtbegin.o
LOAD /opt/st/stm32cubeclt_1.17.0/GNU-tools-for-STM32/bin/../lib/gcc/arm-none-eabi/12.3.1/../../../../arm-none-eabi/lib/thumb/v7e-m+fp/hard/crt0.o
START GROUP
LOAD /opt/st/stm32cubeclt_1.17.0/GNU-tools-for-STM32/bin/../lib/gcc/arm-none-eabi/12.3.1/../../../../arm-none-eabi/lib/thumb/v7e-m+fp/hard/libc_nano.a
LOAD /opt/st/stm32cubeclt_1.17.0/GNU-tools-for-STM32/bin/../lib/gcc/arm-none-eabi/12.3.1/../../../../arm-none-eabi/lib/thumb/v7e-m+fp/hard/libm.a
END GROUP
LOAD CMakeFiles/binary-KWS.dir/Core/Src/main.c.obj
LOAD CMakeFiles/binary-KWS.dir/Core/Src/stm32f3xx_it.c.obj
LOAD CMakeFiles/binary-KWS.dir/Core/Src/stm32f3xx_hal_msp.c.obj
LOAD CMakeFiles/binary-KWS.dir/Drivers/STM32F3xx_HAL_Driver/Src/stm32f3xx_hal_uart.c.obj
LOAD CMakeFiles/binary-KWS.dir/Drivers/STM32F3xx_HAL_Driver/Src/stm32f3xx_hal_uart_ex.c.obj
LOAD CMakeFiles/binary-KWS.dir/Drivers/STM32F3xx_HAL_Driver/Src/stm32f3xx_hal.c.obj
LOAD CMakeFiles/binary-KWS.dir/Drivers/STM32F3xx_HAL_Driver/Src/stm32f3xx_hal_rcc.c.obj
LOAD CMakeFiles/binary-KWS.dir/Drivers/STM32F3xx_HAL_Driver/Src/stm32f3xx_hal_rcc_ex.c.obj
LOAD CMakeFiles/binary-KWS.dir/Drivers/STM32F3xx_HAL_Driver/Src/stm32f3xx_hal_gpio.c.obj
LOAD CMakeFiles/binary-KWS.dir/Drivers/STM32F3xx_HAL_Driver/Src/stm32f3xx_hal_dma.c.obj
LOAD CMakeFiles/binary-KWS.dir/Drivers/STM32F3xx_HAL_Driver/Src/stm32f3xx_hal_cortex.c.obj
LOAD CMakeFiles/binary-KWS.dir/Drivers/STM32F3xx_HAL_Driver/Src/stm32f3xx_hal_pwr.c.obj
LOAD CMakeFiles/binary-KWS.dir/Drivers/STM32F3xx_HAL_Driver/Src/stm32f3xx_hal_pwr_ex.c.obj
LOAD CMakeFiles/binary-KWS.dir/Drivers/STM32F3xx_HAL_Driver/Src/stm32f3xx_hal_flash.c.obj
LOAD CMakeFiles/binary-KWS.dir/Drivers/STM32F3xx_HAL_Driver/Src/stm32f3xx_hal_flash_ex.c.obj
LOAD CMakeFiles/binary-KWS.dir/Drivers/STM32F3xx_HAL_Driver/Src/stm32f3xx_hal_i2c.c.obj
LOAD CMakeFiles/binary-KWS.dir/Drivers/STM32F3xx_HAL_Driver/Src/stm32f3xx_hal_i2c_ex.c.obj
LOAD CMakeFiles/binary-KWS.dir/Drivers/STM32F3xx_HAL_Driver/Src/stm32f3xx_hal_exti.c.obj
LOAD CMakeFiles/binary-KWS.dir/Core/Src/system_stm32f3xx.c.obj
LOAD CMakeFiles/binary-KWS.dir/Core/Src/sysmem.c.obj
LOAD CMakeFiles/binary-KWS.dir/Core/Src/syscalls.c.obj
LOAD CMakeFiles/binary-KWS.dir/startup_stm32f334x8.s.obj
START GROUP
LOAD /opt/st/stm32cubeclt_1.17.0/GNU-tools-for-STM32/bin/../lib/gcc/arm-none-eabi/12.3.1/thumb/v7e-m+fp/hard/libgcc.a
LOAD /opt/st/stm32cubeclt_1.17.0/GNU-tools-for-STM32/bin/../lib/gcc/arm-none-eabi/12.3.1/../../../../arm-none-eabi/lib/thumb/v7e-m+fp/hard/libg_nano.a
LOAD /opt/st/stm32cubeclt_1.17.0/GNU-tools-for-STM32/bin/../lib/gcc/arm-none-eabi/12.3.1/../../../../arm-none-eabi/lib/thumb/v7e-m+fp/hard/libc_nano.a
END GROUP
START GROUP
LOAD /opt/st/stm32cubeclt_1.17.0/GNU-tools-for-STM32/bin/../lib/gcc/arm-none-eabi/12.3.1/thumb/v7e-m+fp/hard/libgcc.a
LOAD /opt/st/stm32cubeclt_1.17.0/GNU-tools-for-STM32/bin/../lib/gcc/arm-none-eabi/12.3.1/../../../../arm-none-eabi/lib/thumb/v7e-m+fp/hard/libc_nano.a
END GROUP
LOAD /opt/st/stm32cubeclt_1.17.0/GNU-tools-for-STM32/bin/../lib/gcc/arm-none-eabi/12.3.1/thumb/v7e-m+fp/hard/crtend.o
LOAD /opt/st/stm32cubeclt_1.17.0/GNU-tools-for-STM32/bin/../lib/gcc/arm-none-eabi/12.3.1/thumb/v7e-m+fp/hard/crtn.o
                0x20003000                        _estack = (ORIGIN (RAM) + LENGTH (RAM))
                0x00000200                        _Min_Heap_Size = 0x200
                0x00000400                        _Min_Stack_Size = 0x400

.isr_vector     0x08000000      0x188
                0x08000000                        . = ALIGN (0x4)
 *(.isr_vector)
 .isr_vector    0x08000000      0x188 CMakeFiles/binary-KWS.dir/startup_stm32f334x8.s.obj
                0x08000000                g_pfnVectors
                0x08000188                        . = ALIGN (0x4)

.text           0x08000188     0x25d0
                0x08000188                        . = ALIGN (0x4)
 *(.text)
 .text          0x08000188       0x40 /opt/st/stm32cubeclt_1.17.0/GNU-tools-for-STM32/bin/../lib/gcc/arm-none-eabi/12.3.1/thumb/v7e-m+fp/hard/crtbegin.o
 *(.text*)
 .text.memset   0x080001c8       0x10 /opt/st/stm32cubeclt_1.17.0/GNU-tools-for-STM32/bin/../lib/gcc/arm-none-eabi/12.3.1/../../../../arm-none-eabi/lib/thumb/v7e-m+fp/hard/libc_nano.a(libc_a-memset.o)
                0x080001c8                memset
 .text.__libc_init_array
                0x080001d8       0x48 /opt/st/stm32cubeclt_1.17.0/GNU-tools-for-STM32/bin/../lib/gcc/arm-none-eabi/12.3.1/../../../../arm-none-eabi/lib/thumb/v7e-m+fp/hard/libc_nano.a(libc_a-init.o)
                0x080001d8                __libc_init_array
 .text.main     0x08000220       0x18 CMakeFiles/binary-KWS.dir/Core/Src/main.c.obj
                0x08000220                main
 .text.SystemClock_Config
                0x08000238       0x82 CMakeFiles/binary-KWS.dir/Core/Src/main.c.obj
                0x08000238                SystemClock_Config
 *fill*         0x080002ba        0x2 
 .text.MX_USART2_UART_Init
                0x080002bc       0x60 CMakeFiles/binary-KWS.dir/Core/Src/main.c.obj
 .text.MX_GPIO_Init
                0x0800031c       0xcc CMakeFiles/binary-KWS.dir/Core/Src/main.c.obj
 .text.Error_Handler
                0x080003e8        0xc CMakeFiles/binary-KWS.dir/Core/Src/main.c.obj
                0x080003e8                Error_Handler
 .text.NMI_Handler
                0x080003f4        0x8 CMakeFiles/binary-KWS.dir/Core/Src/stm32f3xx_it.c.obj
                0x080003f4                NMI_Handler
 .text.HardFault_Handler
                0x080003fc        0x8 CMakeFiles/binary-KWS.dir/Core/Src/stm32f3xx_it.c.obj
                0x080003fc                HardFault_Handler
 .text.MemManage_Handler
                0x08000404        0x8 CMakeFiles/binary-KWS.dir/Core/Src/stm32f3xx_it.c.obj
                0x08000404                MemManage_Handler
 .text.BusFault_Handler
                0x0800040c        0x8 CMakeFiles/binary-KWS.dir/Core/Src/stm32f3xx_it.c.obj
                0x0800040c                BusFault_Handler
 .text.UsageFault_Handler
                0x08000414        0x8 CMakeFiles/binary-KWS.dir/Core/Src/stm32f3xx_it.c.obj
                0x08000414                UsageFault_Handler
 .text.SVC_Handler
                0x0800041c        0xe CMakeFiles/binary-KWS.dir/Core/Src/stm32f3xx_it.c.obj
                0x0800041c                SVC_Handler
 .text.DebugMon_Handler
                0x0800042a        0xe CMakeFiles/binary-KWS.dir/Core/Src/stm32f3xx_it.c.obj
                0x0800042a                DebugMon_Handler
 .text.PendSV_Handler
                0x08000438        0xe CMakeFiles/binary-KWS.dir/Core/Src/stm32f3xx_it.c.obj
                0x08000438                PendSV_Handler
 .text.SysTick_Handler
                0x08000446        0xc CMakeFiles/binary-KWS.dir/Core/Src/stm32f3xx_it.c.obj
                0x08000446                SysTick_Handler
 *fill*         0x08000452        0x2 
 .text.HAL_MspInit
                0x08000454       0x48 CMakeFiles/binary-KWS.dir/Core/Src/stm32f3xx_hal_msp.c.obj
                0x08000454                HAL_MspInit
 .text.HAL_UART_MspInit
                0x0800049c       0x84 CMakeFiles/binary-KWS.dir/Core/Src/stm32f3xx_hal_msp.c.obj
                0x0800049c                HAL_UART_MspInit
 .text.HAL_UART_Init
                0x08000520       0x9c CMakeFiles/binary-KWS.dir/Drivers/STM32F3xx_HAL_Driver/Src/stm32f3xx_hal_uart.c.obj
                0x08000520                HAL_UART_Init
 .text.UART_SetConfig
                0x080005bc      0x26c CMakeFiles/binary-KWS.dir/Drivers/STM32F3xx_HAL_Driver/Src/stm32f3xx_hal_uart.c.obj
                0x080005bc                UART_SetConfig
 .text.UART_AdvFeatureConfig
                0x08000828      0x144 CMakeFiles/binary-KWS.dir/Drivers/STM32F3xx_HAL_Driver/Src/stm32f3xx_hal_uart.c.obj
                0x08000828                UART_AdvFeatureConfig
 .text.UART_CheckIdleState
                0x0800096c      0x150 CMakeFiles/binary-KWS.dir/Drivers/STM32F3xx_HAL_Driver/Src/stm32f3xx_hal_uart.c.obj
                0x0800096c                UART_CheckIdleState
 .text.UART_WaitOnFlagUntilTimeout
                0x08000abc       0xda CMakeFiles/binary-KWS.dir/Drivers/STM32F3xx_HAL_Driver/Src/stm32f3xx_hal_uart.c.obj
                0x08000abc                UART_WaitOnFlagUntilTimeout
 .text.UART_EndRxTransfer
                0x08000b96       0xc8 CMakeFiles/binary-KWS.dir/Drivers/STM32F3xx_HAL_Driver/Src/stm32f3xx_hal_uart.c.obj
 *fill*         0x08000c5e        0x2 
 .text.HAL_Init
                0x08000c60       0x2c CMakeFiles/binary-KWS.dir/Drivers/STM32F3xx_HAL_Driver/Src/stm32f3xx_hal.c.obj
                0x08000c60                HAL_Init
 .text.HAL_InitTick
                0x08000c8c       0x60 CMakeFiles/binary-KWS.dir/Drivers/STM32F3xx_HAL_Driver/Src/stm32f3xx_hal.c.obj
                0x08000c8c                HAL_InitTick
 .text.HAL_IncTick
                0x08000cec       0x28 CMakeFiles/binary-KWS.dir/Drivers/STM32F3xx_HAL_Driver/Src/stm32f3xx_hal.c.obj
                0x08000cec                HAL_IncTick
 .text.HAL_GetTick
                0x08000d14       0x18 CMakeFiles/binary-KWS.dir/Drivers/STM32F3xx_HAL_Driver/Src/stm32f3xx_hal.c.obj
                0x08000d14                HAL_GetTick
 .text.HAL_RCC_OscConfig
                0x08000d2c     0x107c CMakeFiles/binary-KWS.dir/Drivers/STM32F3xx_HAL_Driver/Src/stm32f3xx_hal_rcc.c.obj
                0x08000d2c                HAL_RCC_OscConfig
 .text.HAL_RCC_ClockConfig
                0x08001da8      0x2f8 CMakeFiles/binary-KWS.dir/Drivers/STM32F3xx_HAL_Driver/Src/stm32f3xx_hal_rcc.c.obj
                0x08001da8                HAL_RCC_ClockConfig
 .text.HAL_RCC_GetSysClockFreq
                0x080020a0       0xa8 CMakeFiles/binary-KWS.dir/Drivers/STM32F3xx_HAL_Driver/Src/stm32f3xx_hal_rcc.c.obj
                0x080020a0                HAL_RCC_GetSysClockFreq
 .text.HAL_RCC_GetHCLKFreq
                0x08002148       0x18 CMakeFiles/binary-KWS.dir/Drivers/STM32F3xx_HAL_Driver/Src/stm32f3xx_hal_rcc.c.obj
                0x08002148                HAL_RCC_GetHCLKFreq
 .text.HAL_RCC_GetPCLK1Freq
                0x08002160       0x44 CMakeFiles/binary-KWS.dir/Drivers/STM32F3xx_HAL_Driver/Src/stm32f3xx_hal_rcc.c.obj
                0x08002160                HAL_RCC_GetPCLK1Freq
 .text.HAL_RCC_GetPCLK2Freq
                0x080021a4       0x44 CMakeFiles/binary-KWS.dir/Drivers/STM32F3xx_HAL_Driver/Src/stm32f3xx_hal_rcc.c.obj
                0x080021a4                HAL_RCC_GetPCLK2Freq
 .text.HAL_GPIO_Init
                0x080021e8      0x2e4 CMakeFiles/binary-KWS.dir/Drivers/STM32F3xx_HAL_Driver/Src/stm32f3xx_hal_gpio.c.obj
                0x080021e8                HAL_GPIO_Init
 .text.HAL_GPIO_WritePin
                0x080024cc       0x30 CMakeFiles/binary-KWS.dir/Drivers/STM32F3xx_HAL_Driver/Src/stm32f3xx_hal_gpio.c.obj
                0x080024cc                HAL_GPIO_WritePin
 .text.__NVIC_SetPriorityGrouping
                0x080024fc       0x48 CMakeFiles/binary-KWS.dir/Drivers/STM32F3xx_HAL_Driver/Src/stm32f3xx_hal_cortex.c.obj
 .text.__NVIC_GetPriorityGrouping
                0x08002544       0x1c CMakeFiles/binary-KWS.dir/Drivers/STM32F3xx_HAL_Driver/Src/stm32f3xx_hal_cortex.c.obj
 .text.__NVIC_SetPriority
                0x08002560       0x54 CMakeFiles/binary-KWS.dir/Drivers/STM32F3xx_HAL_Driver/Src/stm32f3xx_hal_cortex.c.obj
 .text.NVIC_EncodePriority
                0x080025b4       0x66 CMakeFiles/binary-KWS.dir/Drivers/STM32F3xx_HAL_Driver/Src/stm32f3xx_hal_cortex.c.obj
 *fill*         0x0800261a        0x2 
 .text.SysTick_Config
                0x0800261c       0x44 CMakeFiles/binary-KWS.dir/Drivers/STM32F3xx_HAL_Driver/Src/stm32f3xx_hal_cortex.c.obj
 .text.HAL_NVIC_SetPriorityGrouping
                0x08002660       0x16 CMakeFiles/binary-KWS.dir/Drivers/STM32F3xx_HAL_Driver/Src/stm32f3xx_hal_cortex.c.obj
                0x08002660                HAL_NVIC_SetPriorityGrouping
 .text.HAL_NVIC_SetPriority
                0x08002676       0x38 CMakeFiles/binary-KWS.dir/Drivers/STM32F3xx_HAL_Driver/Src/stm32f3xx_hal_cortex.c.obj
                0x08002676                HAL_NVIC_SetPriority
 .text.HAL_SYSTICK_Config
                0x080026ae       0x18 CMakeFiles/binary-KWS.dir/Drivers/STM32F3xx_HAL_Driver/Src/stm32f3xx_hal_cortex.c.obj
                0x080026ae                HAL_SYSTICK_Config
 *fill*         0x080026c6        0x2 
 .text.SystemInit
                0x080026c8       0x24 CMakeFiles/binary-KWS.dir/Core/Src/system_stm32f3xx.c.obj
                0x080026c8                SystemInit
 .text.Reset_Handler
                0x080026ec       0x50 CMakeFiles/binary-KWS.dir/startup_stm32f334x8.s.obj
                0x080026ec                Reset_Handler
 .text.Default_Handler
                0x0800273c        0x2 CMakeFiles/binary-KWS.dir/startup_stm32f334x8.s.obj
                0x0800273c                RTC_Alarm_IRQHandler
                0x0800273c                HRTIM1_Master_IRQHandler
                0x0800273c                TIM1_CC_IRQHandler
                0x0800273c                HRTIM1_FLT_IRQHandler
                0x0800273c                PVD_IRQHandler
                0x0800273c                HRTIM1_TIMD_IRQHandler
                0x0800273c                TAMP_STAMP_IRQHandler
                0x0800273c                EXTI3_IRQHandler
                0x0800273c                EXTI0_IRQHandler
                0x0800273c                FPU_IRQHandler
                0x0800273c                CAN_TX_IRQHandler
                0x0800273c                TIM1_UP_TIM16_IRQHandler
                0x0800273c                ADC1_2_IRQHandler
                0x0800273c                HRTIM1_TIME_IRQHandler
                0x0800273c                SPI1_IRQHandler
                0x0800273c                CAN_SCE_IRQHandler
                0x0800273c                HRTIM1_TIMC_IRQHandler
                0x0800273c                DMA1_Channel4_IRQHandler
                0x0800273c                USART3_IRQHandler
                0x0800273c                DMA1_Channel7_IRQHandler
                0x0800273c                TIM7_DAC2_IRQHandler
                0x0800273c                CAN_RX1_IRQHandler
                0x0800273c                I2C1_EV_IRQHandler
                0x0800273c                DMA1_Channel6_IRQHandler
                0x0800273c                TIM3_IRQHandler
                0x0800273c                RCC_IRQHandler
                0x0800273c                DMA1_Channel1_IRQHandler
                0x0800273c                Default_Handler
                0x0800273c                EXTI15_10_IRQHandler
                0x0800273c                COMP2_IRQHandler
                0x0800273c                HRTIM1_TIMA_IRQHandler
                0x0800273c                TIM6_DAC1_IRQHandler
                0x0800273c                EXTI9_5_IRQHandler
                0x0800273c                RTC_WKUP_IRQHandler
                0x0800273c                DMA1_Channel5_IRQHandler
                0x0800273c                EXTI4_IRQHandler
                0x0800273c                HRTIM1_TIMB_IRQHandler
                0x0800273c                TIM1_TRG_COM_TIM17_IRQHandler
                0x0800273c                DMA1_Channel3_IRQHandler
                0x0800273c                WWDG_IRQHandler
                0x0800273c                TIM2_IRQHandler
                0x0800273c                EXTI1_IRQHandler
                0x0800273c                COMP4_6_IRQHandler
                0x0800273c                USART2_IRQHandler
                0x0800273c                DMA1_Channel2_IRQHandler
                0x0800273c                FLASH_IRQHandler
                0x0800273c                USART1_IRQHandler
                0x0800273c                CAN_RX0_IRQHandler
                0x0800273c                I2C1_ER_IRQHandler
                0x0800273c                EXTI2_TSC_IRQHandler
                0x0800273c                TIM1_BRK_TIM15_IRQHandler
 *(.glue_7)
 .glue_7        0x0800273e        0x0 linker stubs
 *(.glue_7t)
 .glue_7t       0x0800273e        0x0 linker stubs
 *(.eh_frame)
 *fill*         0x0800273e        0x2 
 .eh_frame      0x08002740        0x0 /opt/st/stm32cubeclt_1.17.0/GNU-tools-for-STM32/bin/../lib/gcc/arm-none-eabi/12.3.1/thumb/v7e-m+fp/hard/crtbegin.o
 *(.init)
 .init          0x08002740        0x4 /opt/st/stm32cubeclt_1.17.0/GNU-tools-for-STM32/bin/../lib/gcc/arm-none-eabi/12.3.1/thumb/v7e-m+fp/hard/crti.o
                0x08002740                _init
 .init          0x08002744        0x8 /opt/st/stm32cubeclt_1.17.0/GNU-tools-for-STM32/bin/../lib/gcc/arm-none-eabi/12.3.1/thumb/v7e-m+fp/hard/crtn.o
 *(.fini)
 .fini          0x0800274c        0x4 /opt/st/stm32cubeclt_1.17.0/GNU-tools-for-STM32/bin/../lib/gcc/arm-none-eabi/12.3.1/thumb/v7e-m+fp/hard/crti.o
                0x0800274c                _fini
 .fini          0x08002750        0x8 /opt/st/stm32cubeclt_1.17.0/GNU-tools-for-STM32/bin/../lib/gcc/arm-none-eabi/12.3.1/thumb/v7e-m+fp/hard/crtn.o
                0x08002758                        . = ALIGN (0x4)
                0x08002758                        _etext = .

.vfp11_veneer   0x08002758        0x0
 .vfp11_veneer  0x08002758        0x0 linker stubs

.v4_bx          0x08002758        0x0
 .v4_bx         0x08002758        0x0 linker stubs

.iplt           0x08002758        0x0
 .iplt          0x08002758        0x0 /opt/st/stm32cubeclt_1.17.0/GNU-tools-for-STM32/bin/../lib/gcc/arm-none-eabi/12.3.1/thumb/v7e-m+fp/hard/crtbegin.o

.rodata         0x08002758       0x38
                0x08002758                        . = ALIGN (0x4)
 *(.rodata)
 *(.rodata*)
 .rodata.aPLLMULFactorTable
                0x08002758       0x10 CMakeFiles/binary-KWS.dir/Drivers/STM32F3xx_HAL_Driver/Src/stm32f3xx_hal_rcc.c.obj
 .rodata.aPredivFactorTable
                0x08002768       0x10 CMakeFiles/binary-KWS.dir/Drivers/STM32F3xx_HAL_Driver/Src/stm32f3xx_hal_rcc.c.obj
 .rodata.AHBPrescTable
                0x08002778       0x10 CMakeFiles/binary-KWS.dir/Core/Src/system_stm32f3xx.c.obj
                0x08002778                AHBPrescTable
 .rodata.APBPrescTable
                0x08002788        0x8 CMakeFiles/binary-KWS.dir/Core/Src/system_stm32f3xx.c.obj
                0x08002788                APBPrescTable
                0x08002790                        . = ALIGN (0x4)

.rel.dyn        0x08002790        0x0
 .rel.iplt      0x08002790        0x0 /opt/st/stm32cubeclt_1.17.0/GNU-tools-for-STM32/bin/../lib/gcc/arm-none-eabi/12.3.1/thumb/v7e-m+fp/hard/crtbegin.o

.ARM.extab
 *(.ARM.extab* .gnu.linkonce.armextab.*)

.ARM            0x08002790        0x0
                0x08002790                        __exidx_start = .
 *(.ARM.exidx*)
                0x08002790                        __exidx_end = .

.preinit_array  0x08002790        0x0
                0x08002790                        PROVIDE (__preinit_array_start = .)
 *(.preinit_array*)
                0x08002790                        PROVIDE (__preinit_array_end = .)

.init_array     0x08002790        0x4
                0x08002790                        PROVIDE (__init_array_start = .)
 *(SORT_BY_NAME(.init_array.*))
 *(.init_array*)
 .init_array    0x08002790        0x4 /opt/st/stm32cubeclt_1.17.0/GNU-tools-for-STM32/bin/../lib/gcc/arm-none-eabi/12.3.1/thumb/v7e-m+fp/hard/crtbegin.o
                0x08002794                        PROVIDE (__init_array_end = .)

.fini_array     0x08002794        0x4
                [!provide]                        PROVIDE (__fini_array_start = .)
 *(SORT_BY_NAME(.fini_array.*))
 *(.fini_array*)
 .fini_array    0x08002794        0x4 /opt/st/stm32cubeclt_1.17.0/GNU-tools-for-STM32/bin/../lib/gcc/arm-none-eabi/12.3.1/thumb/v7e-m+fp/hard/crtbegin.o
                [!provide]                        PROVIDE (__fini_array_end = .)
                0x08002798                        _sidata = LOADADDR (.data)

.data           0x20000000        0xc load address 0x08002798
                0x20000000                        . = ALIGN (0x4)
                0x20000000                        _sdata = .
 *(.data)
 *(.data*)
 .data.uwTickPrio
                0x20000000        0x4 CMakeFiles/binary-KWS.dir/Drivers/STM32F3xx_HAL_Driver/Src/stm32f3xx_hal.c.obj
                0x20000000                uwTickPrio
 .data.uwTickFreq
                0x20000004        0x1 CMakeFiles/binary-KWS.dir/Drivers/STM32F3xx_HAL_Driver/Src/stm32f3xx_hal.c.obj
                0x20000004                uwTickFreq
 *fill*         0x20000005        0x3 
 .data.SystemCoreClock
                0x20000008        0x4 CMakeFiles/binary-KWS.dir/Core/Src/system_stm32f3xx.c.obj
                0x20000008                SystemCoreClock
                0x2000000c                        . = ALIGN (0x4)
                0x2000000c                        _edata = .
                0x080027a4                        _siccmram = LOADADDR (.ccmram)

.igot.plt       0x2000000c        0x0 load address 0x080027a4
 .igot.plt      0x2000000c        0x0 /opt/st/stm32cubeclt_1.17.0/GNU-tools-for-STM32/bin/../lib/gcc/arm-none-eabi/12.3.1/thumb/v7e-m+fp/hard/crtbegin.o

.ccmram         0x10000000        0x0 load address 0x080027a4
                0x10000000                        . = ALIGN (0x4)
                0x10000000                        _sccmram = .
 *(.ccmram)
 *(.ccmram*)
                0x10000000                        . = ALIGN (0x4)
                0x10000000                        _eccmram = .
                0x10000000                        . = ALIGN (0x4)

.bss            0x2000000c       0xa8
                0x2000000c                        _sbss = .
                0x2000000c                        __bss_start__ = _sbss
 *(.bss)
 .bss           0x2000000c       0x1c /opt/st/stm32cubeclt_1.17.0/GNU-tools-for-STM32/bin/../lib/gcc/arm-none-eabi/12.3.1/thumb/v7e-m+fp/hard/crtbegin.o
 *(.bss*)
 .bss.huart2    0x20000028       0x88 CMakeFiles/binary-KWS.dir/Core/Src/main.c.obj
                0x20000028                huart2
 .bss.uwTick    0x200000b0        0x4 CMakeFiles/binary-KWS.dir/Drivers/STM32F3xx_HAL_Driver/Src/stm32f3xx_hal.c.obj
                0x200000b0                uwTick
 *(COMMON)
                0x200000b4                        . = ALIGN (0x4)
                0x200000b4                        _ebss = .
                0x200000b4                        __bss_end__ = _ebss

._user_heap_stack
                0x200000b4      0x604
                0x200000b8                        . = ALIGN (0x8)
 *fill*         0x200000b4        0x4 
                [!provide]                        PROVIDE (end = .)
                0x200000b8                        PROVIDE (_end = .)
                0x200002b8                        . = (. + _Min_Heap_Size)
 *fill*         0x200000b8      0x200 
                0x200006b8                        . = (. + _Min_Stack_Size)
 *fill*         0x200002b8      0x400 
                0x200006b8                        . = ALIGN (0x8)

/DISCARD/
 libc.a(*)
 libm.a(*)
 libgcc.a(*)
OUTPUT(binary-KWS.elf elf32-littlearm)
LOAD linker stubs
LOAD /opt/st/stm32cubeclt_1.17.0/GNU-tools-for-STM32/bin/../lib/gcc/arm-none-eabi/12.3.1/../../../../arm-none-eabi/lib/thumb/v7e-m+fp/hard/libc.a
LOAD /opt/st/stm32cubeclt_1.17.0/GNU-tools-for-STM32/bin/../lib/gcc/arm-none-eabi/12.3.1/../../../../arm-none-eabi/lib/thumb/v7e-m+fp/hard/libm.a
LOAD /opt/st/stm32cubeclt_1.17.0/GNU-tools-for-STM32/bin/../lib/gcc/arm-none-eabi/12.3.1/thumb/v7e-m+fp/hard/libgcc.a

.ARM.attributes
                0x00000000       0x30
 .ARM.attributes
                0x00000000       0x22 /opt/st/stm32cubeclt_1.17.0/GNU-tools-for-STM32/bin/../lib/gcc/arm-none-eabi/12.3.1/thumb/v7e-m+fp/hard/crti.o
 .ARM.attributes
                0x00000022       0x34 /opt/st/stm32cubeclt_1.17.0/GNU-tools-for-STM32/bin/../lib/gcc/arm-none-eabi/12.3.1/thumb/v7e-m+fp/hard/crtbegin.o
 .ARM.attributes
                0x00000056       0x34 /opt/st/stm32cubeclt_1.17.0/GNU-tools-for-STM32/bin/../lib/gcc/arm-none-eabi/12.3.1/../../../../arm-none-eabi/lib/thumb/v7e-m+fp/hard/libc_nano.a(libc_a-memset.o)
 .ARM.attributes
                0x0000008a       0x34 /opt/st/stm32cubeclt_1.17.0/GNU-tools-for-STM32/bin/../lib/gcc/arm-none-eabi/12.3.1/../../../../arm-none-eabi/lib/thumb/v7e-m+fp/hard/libc_nano.a(libc_a-init.o)
 .ARM.attributes
                0x000000be       0x34 CMakeFiles/binary-KWS.dir/Core/Src/main.c.obj
 .ARM.attributes
                0x000000f2       0x34 CMakeFiles/binary-KWS.dir/Core/Src/stm32f3xx_it.c.obj
 .ARM.attributes
                0x00000126       0x34 CMakeFiles/binary-KWS.dir/Core/Src/stm32f3xx_hal_msp.c.obj
 .ARM.attributes
                0x0000015a       0x34 CMakeFiles/binary-KWS.dir/Drivers/STM32F3xx_HAL_Driver/Src/stm32f3xx_hal_uart.c.obj
 .ARM.attributes
                0x0000018e       0x34 CMakeFiles/binary-KWS.dir/Drivers/STM32F3xx_HAL_Driver/Src/stm32f3xx_hal.c.obj
 .ARM.attributes
                0x000001c2       0x34 CMakeFiles/binary-KWS.dir/Drivers/STM32F3xx_HAL_Driver/Src/stm32f3xx_hal_rcc.c.obj
 .ARM.attributes
                0x000001f6       0x34 CMakeFiles/binary-KWS.dir/Drivers/STM32F3xx_HAL_Driver/Src/stm32f3xx_hal_gpio.c.obj
 .ARM.attributes
                0x0000022a       0x34 CMakeFiles/binary-KWS.dir/Drivers/STM32F3xx_HAL_Driver/Src/stm32f3xx_hal_cortex.c.obj
 .ARM.attributes
                0x0000025e       0x34 CMakeFiles/binary-KWS.dir/Core/Src/system_stm32f3xx.c.obj
 .ARM.attributes
                0x00000292       0x21 CMakeFiles/binary-KWS.dir/startup_stm32f334x8.s.obj
 .ARM.attributes
                0x000002b3       0x22 /opt/st/stm32cubeclt_1.17.0/GNU-tools-for-STM32/bin/../lib/gcc/arm-none-eabi/12.3.1/thumb/v7e-m+fp/hard/crtn.o

.comment        0x00000000       0x43
 .comment       0x00000000       0x43 CMakeFiles/binary-KWS.dir/Core/Src/main.c.obj
                                 0x44 (size before relaxing)
 .comment       0x00000043       0x44 CMakeFiles/binary-KWS.dir/Core/Src/stm32f3xx_it.c.obj
 .comment       0x00000043       0x44 CMakeFiles/binary-KWS.dir/Core/Src/stm32f3xx_hal_msp.c.obj
 .comment       0x00000043       0x44 CMakeFiles/binary-KWS.dir/Drivers/STM32F3xx_HAL_Driver/Src/stm32f3xx_hal_uart.c.obj
 .comment       0x00000043       0x44 CMakeFiles/binary-KWS.dir/Drivers/STM32F3xx_HAL_Driver/Src/stm32f3xx_hal.c.obj
 .comment       0x00000043       0x44 CMakeFiles/binary-KWS.dir/Drivers/STM32F3xx_HAL_Driver/Src/stm32f3xx_hal_rcc.c.obj
 .comment       0x00000043       0x44 CMakeFiles/binary-KWS.dir/Drivers/STM32F3xx_HAL_Driver/Src/stm32f3xx_hal_gpio.c.obj
 .comment       0x00000043       0x44 CMakeFiles/binary-KWS.dir/Drivers/STM32F3xx_HAL_Driver/Src/stm32f3xx_hal_cortex.c.obj
 .comment       0x00000043       0x44 CMakeFiles/binary-KWS.dir/Core/Src/system_stm32f3xx.c.obj

.debug_frame    0x00000000     0x1770
 .debug_frame   0x00000000       0x20 /opt/st/stm32cubeclt_1.17.0/GNU-tools-for-STM32/bin/../lib/gcc/arm-none-eabi/12.3.1/../../../../arm-none-eabi/lib/thumb/v7e-m+fp/hard/libc_nano.a(libc_a-memset.o)
 .debug_frame   0x00000020       0x2c /opt/st/stm32cubeclt_1.17.0/GNU-tools-for-STM32/bin/../lib/gcc/arm-none-eabi/12.3.1/../../../../arm-none-eabi/lib/thumb/v7e-m+fp/hard/libc_nano.a(libc_a-init.o)
 .debug_frame   0x0000004c       0xa8 CMakeFiles/binary-KWS.dir/Core/Src/main.c.obj
 .debug_frame   0x000000f4      0x104 CMakeFiles/binary-KWS.dir/Core/Src/stm32f3xx_it.c.obj
 .debug_frame   0x000001f8       0x7c CMakeFiles/binary-KWS.dir/Core/Src/stm32f3xx_hal_msp.c.obj
 .debug_frame   0x00000274      0x9e8 CMakeFiles/binary-KWS.dir/Drivers/STM32F3xx_HAL_Driver/Src/stm32f3xx_hal_uart.c.obj
 .debug_frame   0x00000c5c      0x334 CMakeFiles/binary-KWS.dir/Drivers/STM32F3xx_HAL_Driver/Src/stm32f3xx_hal.c.obj
 .debug_frame   0x00000f90      0x214 CMakeFiles/binary-KWS.dir/Drivers/STM32F3xx_HAL_Driver/Src/stm32f3xx_hal_rcc.c.obj
 .debug_frame   0x000011a4      0x14c CMakeFiles/binary-KWS.dir/Drivers/STM32F3xx_HAL_Driver/Src/stm32f3xx_hal_gpio.c.obj
 .debug_frame   0x000012f0      0x428 CMakeFiles/binary-KWS.dir/Drivers/STM32F3xx_HAL_Driver/Src/stm32f3xx_hal_cortex.c.obj
 .debug_frame   0x00001718       0x58 CMakeFiles/binary-KWS.dir/Core/Src/system_stm32f3xx.c.obj

.debug_info     0x00000000     0x80aa
 .debug_info    0x00000000      0xb63 CMakeFiles/binary-KWS.dir/Core/Src/main.c.obj
 .debug_info    0x00000b63      0x113 CMakeFiles/binary-KWS.dir/Core/Src/stm32f3xx_it.c.obj
 .debug_info    0x00000c76      0x900 CMakeFiles/binary-KWS.dir/Core/Src/stm32f3xx_hal_msp.c.obj
 .debug_info    0x00001576     0x39a8 CMakeFiles/binary-KWS.dir/Drivers/STM32F3xx_HAL_Driver/Src/stm32f3xx_hal_uart.c.obj
 .debug_info    0x00004f1e      0x774 CMakeFiles/binary-KWS.dir/Drivers/STM32F3xx_HAL_Driver/Src/stm32f3xx_hal.c.obj
 .debug_info    0x00005692     0x148a CMakeFiles/binary-KWS.dir/Drivers/STM32F3xx_HAL_Driver/Src/stm32f3xx_hal_rcc.c.obj
 .debug_info    0x00006b1c      0x6a6 CMakeFiles/binary-KWS.dir/Drivers/STM32F3xx_HAL_Driver/Src/stm32f3xx_hal_gpio.c.obj
 .debug_info    0x000071c2      0xab1 CMakeFiles/binary-KWS.dir/Drivers/STM32F3xx_HAL_Driver/Src/stm32f3xx_hal_cortex.c.obj
 .debug_info    0x00007c73      0x407 CMakeFiles/binary-KWS.dir/Core/Src/system_stm32f3xx.c.obj
 .debug_info    0x0000807a       0x30 CMakeFiles/binary-KWS.dir/startup_stm32f334x8.s.obj

.debug_abbrev   0x00000000     0x1240
 .debug_abbrev  0x00000000      0x240 CMakeFiles/binary-KWS.dir/Core/Src/main.c.obj
 .debug_abbrev  0x00000240       0x73 CMakeFiles/binary-KWS.dir/Core/Src/stm32f3xx_it.c.obj
 .debug_abbrev  0x000002b3      0x1a7 CMakeFiles/binary-KWS.dir/Core/Src/stm32f3xx_hal_msp.c.obj
 .debug_abbrev  0x0000045a      0x2d1 CMakeFiles/binary-KWS.dir/Drivers/STM32F3xx_HAL_Driver/Src/stm32f3xx_hal_uart.c.obj
 .debug_abbrev  0x0000072b      0x215 CMakeFiles/binary-KWS.dir/Drivers/STM32F3xx_HAL_Driver/Src/stm32f3xx_hal.c.obj
 .debug_abbrev  0x00000940      0x300 CMakeFiles/binary-KWS.dir/Drivers/STM32F3xx_HAL_Driver/Src/stm32f3xx_hal_rcc.c.obj
 .debug_abbrev  0x00000c40      0x1ca CMakeFiles/binary-KWS.dir/Drivers/STM32F3xx_HAL_Driver/Src/stm32f3xx_hal_gpio.c.obj
 .debug_abbrev  0x00000e0a      0x2f8 CMakeFiles/binary-KWS.dir/Drivers/STM32F3xx_HAL_Driver/Src/stm32f3xx_hal_cortex.c.obj
 .debug_abbrev  0x00001102      0x11a CMakeFiles/binary-KWS.dir/Core/Src/system_stm32f3xx.c.obj
 .debug_abbrev  0x0000121c       0x24 CMakeFiles/binary-KWS.dir/startup_stm32f334x8.s.obj

.debug_aranges  0x00000000      0x608
 .debug_aranges
                0x00000000       0x40 CMakeFiles/binary-KWS.dir/Core/Src/main.c.obj
 .debug_aranges
                0x00000040       0x60 CMakeFiles/binary-KWS.dir/Core/Src/stm32f3xx_it.c.obj
 .debug_aranges
                0x000000a0       0x30 CMakeFiles/binary-KWS.dir/Core/Src/stm32f3xx_hal_msp.c.obj
 .debug_aranges
                0x000000d0      0x228 CMakeFiles/binary-KWS.dir/Drivers/STM32F3xx_HAL_Driver/Src/stm32f3xx_hal_uart.c.obj
 .debug_aranges
                0x000002f8       0xe0 CMakeFiles/binary-KWS.dir/Drivers/STM32F3xx_HAL_Driver/Src/stm32f3xx_hal.c.obj
 .debug_aranges
                0x000003d8       0x88 CMakeFiles/binary-KWS.dir/Drivers/STM32F3xx_HAL_Driver/Src/stm32f3xx_hal_rcc.c.obj
 .debug_aranges
                0x00000460       0x58 CMakeFiles/binary-KWS.dir/Drivers/STM32F3xx_HAL_Driver/Src/stm32f3xx_hal_gpio.c.obj
 .debug_aranges
                0x000004b8      0x100 CMakeFiles/binary-KWS.dir/Drivers/STM32F3xx_HAL_Driver/Src/stm32f3xx_hal_cortex.c.obj
 .debug_aranges
                0x000005b8       0x28 CMakeFiles/binary-KWS.dir/Core/Src/system_stm32f3xx.c.obj
 .debug_aranges
                0x000005e0       0x28 CMakeFiles/binary-KWS.dir/startup_stm32f334x8.s.obj

.debug_rnglists
                0x00000000      0x4a0
 .debug_rnglists
                0x00000000       0x2d CMakeFiles/binary-KWS.dir/Core/Src/main.c.obj
 .debug_rnglists
                0x0000002d       0x43 CMakeFiles/binary-KWS.dir/Core/Src/stm32f3xx_it.c.obj
 .debug_rnglists
                0x00000070       0x20 CMakeFiles/binary-KWS.dir/Core/Src/stm32f3xx_hal_msp.c.obj
 .debug_rnglists
                0x00000090      0x1da CMakeFiles/binary-KWS.dir/Drivers/STM32F3xx_HAL_Driver/Src/stm32f3xx_hal_uart.c.obj
 .debug_rnglists
                0x0000026a       0xa3 CMakeFiles/binary-KWS.dir/Drivers/STM32F3xx_HAL_Driver/Src/stm32f3xx_hal.c.obj
 .debug_rnglists
                0x0000030d       0x66 CMakeFiles/binary-KWS.dir/Drivers/STM32F3xx_HAL_Driver/Src/stm32f3xx_hal_rcc.c.obj
 .debug_rnglists
                0x00000373       0x3f CMakeFiles/binary-KWS.dir/Drivers/STM32F3xx_HAL_Driver/Src/stm32f3xx_hal_gpio.c.obj
 .debug_rnglists
                0x000003b2       0xbb CMakeFiles/binary-KWS.dir/Drivers/STM32F3xx_HAL_Driver/Src/stm32f3xx_hal_cortex.c.obj
 .debug_rnglists
                0x0000046d       0x1a CMakeFiles/binary-KWS.dir/Core/Src/system_stm32f3xx.c.obj
 .debug_rnglists
                0x00000487       0x19 CMakeFiles/binary-KWS.dir/startup_stm32f334x8.s.obj

.debug_macro    0x00000000    0x1e440
 .debug_macro   0x00000000      0x1c1 CMakeFiles/binary-KWS.dir/Core/Src/main.c.obj
 .debug_macro   0x000001c1      0xab4 CMakeFiles/binary-KWS.dir/Core/Src/main.c.obj
 .debug_macro   0x00000c75      0x158 CMakeFiles/binary-KWS.dir/Core/Src/main.c.obj
 .debug_macro   0x00000dcd       0x2e CMakeFiles/binary-KWS.dir/Core/Src/main.c.obj
 .debug_macro   0x00000dfb       0x28 CMakeFiles/binary-KWS.dir/Core/Src/main.c.obj
 .debug_macro   0x00000e23       0x22 CMakeFiles/binary-KWS.dir/Core/Src/main.c.obj
 .debug_macro   0x00000e45       0x8e CMakeFiles/binary-KWS.dir/Core/Src/main.c.obj
 .debug_macro   0x00000ed3       0x51 CMakeFiles/binary-KWS.dir/Core/Src/main.c.obj
 .debug_macro   0x00000f24      0x103 CMakeFiles/binary-KWS.dir/Core/Src/main.c.obj
 .debug_macro   0x00001027       0x6a CMakeFiles/binary-KWS.dir/Core/Src/main.c.obj
 .debug_macro   0x00001091      0x1df CMakeFiles/binary-KWS.dir/Core/Src/main.c.obj
 .debug_macro   0x00001270       0x1c CMakeFiles/binary-KWS.dir/Core/Src/main.c.obj
 .debug_macro   0x0000128c       0x22 CMakeFiles/binary-KWS.dir/Core/Src/main.c.obj
 .debug_macro   0x000012ae       0xd9 CMakeFiles/binary-KWS.dir/Core/Src/main.c.obj
 .debug_macro   0x00001387      0xf07 CMakeFiles/binary-KWS.dir/Core/Src/main.c.obj
 .debug_macro   0x0000228e    0x1585b CMakeFiles/binary-KWS.dir/Core/Src/main.c.obj
 .debug_macro   0x00017ae9       0x6d CMakeFiles/binary-KWS.dir/Core/Src/main.c.obj
 .debug_macro   0x00017b56     0x3574 CMakeFiles/binary-KWS.dir/Core/Src/main.c.obj
 .debug_macro   0x0001b0ca      0x189 CMakeFiles/binary-KWS.dir/Core/Src/main.c.obj
 .debug_macro   0x0001b253       0x55 CMakeFiles/binary-KWS.dir/Core/Src/main.c.obj
 .debug_macro   0x0001b2a8      0x8f8 CMakeFiles/binary-KWS.dir/Core/Src/main.c.obj
 .debug_macro   0x0001bba0      0x358 CMakeFiles/binary-KWS.dir/Core/Src/main.c.obj
 .debug_macro   0x0001bef8      0x1b5 CMakeFiles/binary-KWS.dir/Core/Src/main.c.obj
 .debug_macro   0x0001c0ad      0x130 CMakeFiles/binary-KWS.dir/Core/Src/main.c.obj
 .debug_macro   0x0001c1dd      0x1d5 CMakeFiles/binary-KWS.dir/Core/Src/main.c.obj
 .debug_macro   0x0001c3b2      0x1bc CMakeFiles/binary-KWS.dir/Core/Src/main.c.obj
 .debug_macro   0x0001c56e       0x34 CMakeFiles/binary-KWS.dir/Core/Src/main.c.obj
 .debug_macro   0x0001c5a2       0x3c CMakeFiles/binary-KWS.dir/Core/Src/main.c.obj
 .debug_macro   0x0001c5de       0x57 CMakeFiles/binary-KWS.dir/Core/Src/main.c.obj
 .debug_macro   0x0001c635       0xc5 CMakeFiles/binary-KWS.dir/Core/Src/main.c.obj
 .debug_macro   0x0001c6fa      0x19f CMakeFiles/binary-KWS.dir/Core/Src/main.c.obj
 .debug_macro   0x0001c899      0x22c CMakeFiles/binary-KWS.dir/Core/Src/main.c.obj
 .debug_macro   0x0001cac5       0x5b CMakeFiles/binary-KWS.dir/Core/Src/main.c.obj
 .debug_macro   0x0001cb20       0xa5 CMakeFiles/binary-KWS.dir/Core/Src/main.c.obj
 .debug_macro   0x0001cbc5       0x81 CMakeFiles/binary-KWS.dir/Core/Src/main.c.obj
 .debug_macro   0x0001cc46       0xd3 CMakeFiles/binary-KWS.dir/Core/Src/main.c.obj
 .debug_macro   0x0001cd19      0x5ba CMakeFiles/binary-KWS.dir/Core/Src/main.c.obj
 .debug_macro   0x0001d2d3       0x44 CMakeFiles/binary-KWS.dir/Core/Src/main.c.obj
 .debug_macro   0x0001d317      0x2a1 CMakeFiles/binary-KWS.dir/Core/Src/main.c.obj
 .debug_macro   0x0001d5b8       0x64 CMakeFiles/binary-KWS.dir/Core/Src/main.c.obj
 .debug_macro   0x0001d61c      0x1cb CMakeFiles/binary-KWS.dir/Core/Src/stm32f3xx_it.c.obj
 .debug_macro   0x0001d7e7      0x1c1 CMakeFiles/binary-KWS.dir/Core/Src/stm32f3xx_hal_msp.c.obj
 .debug_macro   0x0001d9a8      0x1cf CMakeFiles/binary-KWS.dir/Drivers/STM32F3xx_HAL_Driver/Src/stm32f3xx_hal_uart.c.obj
 .debug_macro   0x0001db77      0x1d6 CMakeFiles/binary-KWS.dir/Drivers/STM32F3xx_HAL_Driver/Src/stm32f3xx_hal.c.obj
 .debug_macro   0x0001dd4d      0x1d6 CMakeFiles/binary-KWS.dir/Drivers/STM32F3xx_HAL_Driver/Src/stm32f3xx_hal_rcc.c.obj
 .debug_macro   0x0001df23      0x1b9 CMakeFiles/binary-KWS.dir/Drivers/STM32F3xx_HAL_Driver/Src/stm32f3xx_hal_gpio.c.obj
 .debug_macro   0x0001e0dc      0x1b2 CMakeFiles/binary-KWS.dir/Drivers/STM32F3xx_HAL_Driver/Src/stm32f3xx_hal_cortex.c.obj
 .debug_macro   0x0001e28e      0x1b2 CMakeFiles/binary-KWS.dir/Core/Src/system_stm32f3xx.c.obj

.debug_line     0x00000000     0x7c93
 .debug_line    0x00000000      0x729 CMakeFiles/binary-KWS.dir/Core/Src/main.c.obj
 .debug_line    0x00000729      0x709 CMakeFiles/binary-KWS.dir/Core/Src/stm32f3xx_it.c.obj
 .debug_line    0x00000e32      0x694 CMakeFiles/binary-KWS.dir/Core/Src/stm32f3xx_hal_msp.c.obj
 .debug_line    0x000014c6     0x2fd6 CMakeFiles/binary-KWS.dir/Drivers/STM32F3xx_HAL_Driver/Src/stm32f3xx_hal_uart.c.obj
 .debug_line    0x0000449c      0x8f8 CMakeFiles/binary-KWS.dir/Drivers/STM32F3xx_HAL_Driver/Src/stm32f3xx_hal.c.obj
 .debug_line    0x00004d94     0x128c CMakeFiles/binary-KWS.dir/Drivers/STM32F3xx_HAL_Driver/Src/stm32f3xx_hal_rcc.c.obj
 .debug_line    0x00006020      0xa5b CMakeFiles/binary-KWS.dir/Drivers/STM32F3xx_HAL_Driver/Src/stm32f3xx_hal_gpio.c.obj
 .debug_line    0x00006a7b      0xade CMakeFiles/binary-KWS.dir/Drivers/STM32F3xx_HAL_Driver/Src/stm32f3xx_hal_cortex.c.obj
 .debug_line    0x00007559      0x6c0 CMakeFiles/binary-KWS.dir/Core/Src/system_stm32f3xx.c.obj
 .debug_line    0x00007c19       0x7a CMakeFiles/binary-KWS.dir/startup_stm32f334x8.s.obj

.debug_str      0x00000000    0xb57e5
 .debug_str     0x00000000    0xb3eb6 CMakeFiles/binary-KWS.dir/Core/Src/main.c.obj
                              0xb416f (size before relaxing)
 .debug_str     0x000b3eb6       0xe9 CMakeFiles/binary-KWS.dir/Core/Src/stm32f3xx_it.c.obj
                              0xb3aea (size before relaxing)
 .debug_str     0x000b3f9f       0xa3 CMakeFiles/binary-KWS.dir/Core/Src/stm32f3xx_hal_msp.c.obj
                              0xb3fc2 (size before relaxing)
 .debug_str     0x000b4042      0x94b CMakeFiles/binary-KWS.dir/Drivers/STM32F3xx_HAL_Driver/Src/stm32f3xx_hal_uart.c.obj
                              0xb473a (size before relaxing)
 .debug_str     0x000b498d      0x651 CMakeFiles/binary-KWS.dir/Drivers/STM32F3xx_HAL_Driver/Src/stm32f3xx_hal.c.obj
                              0xb417f (size before relaxing)
 .debug_str     0x000b4fde      0x2b9 CMakeFiles/binary-KWS.dir/Drivers/STM32F3xx_HAL_Driver/Src/stm32f3xx_hal_rcc.c.obj
                              0xb3eb7 (size before relaxing)
 .debug_str     0x000b5297      0x1bd CMakeFiles/binary-KWS.dir/Drivers/STM32F3xx_HAL_Driver/Src/stm32f3xx_hal_gpio.c.obj
                              0xb3bf6 (size before relaxing)
 .debug_str     0x000b5454      0x2bd CMakeFiles/binary-KWS.dir/Drivers/STM32F3xx_HAL_Driver/Src/stm32f3xx_hal_cortex.c.obj
                              0xb40a4 (size before relaxing)
 .debug_str     0x000b5711       0x7f CMakeFiles/binary-KWS.dir/Core/Src/system_stm32f3xx.c.obj
                              0xb3a17 (size before relaxing)
 .debug_str     0x000b5790       0x55 CMakeFiles/binary-KWS.dir/startup_stm32f334x8.s.obj
                                 0x7e (size before relaxing)

.debug_line_str
                0x00000000       0x62
 .debug_line_str
                0x00000000       0x62 CMakeFiles/binary-KWS.dir/startup_stm32f334x8.s.obj
